 nalserv32

 Timestamp is 3aa55577 (Tue Mar 06 16:24:07 2001)

 Preferred load address is 10000000

 Start         Length     Name                   Class
 0001:00000000 00011488H .text                   CODE
 0002:00000000 0000027cH .idata$5                DATA
 0002:00000280 00000f4cH .rdata                  DATA
 0002:000011cc 0000008cH .idata$2                DATA
 0002:00001258 00000014H .idata$3                DATA
 0002:0000126c 0000027cH .idata$4                DATA
 0002:000014e8 000008ecH .idata$6                DATA
 0002:00001de0 000003a0H .edata                  DATA
 0003:00000000 00000004H .CRT$XCA                DATA
 0003:00000004 00000004H .CRT$XCZ                DATA
 0003:00000008 00000004H .CRT$XIA                DATA
 0003:0000000c 00000004H .CRT$XIC                DATA
 0003:00000010 00000004H .CRT$XIZ                DATA
 0003:00000014 00000004H .CRT$XPA                DATA
 0003:00000018 00000004H .CRT$XPX                DATA
 0003:0000001c 00000004H .CRT$XPZ                DATA
 0003:00000020 00000004H .CRT$XTA                DATA
 0003:00000024 00000004H .CRT$XTZ                DATA
 0003:00000030 00003e10H .data                   DATA
 0003:00003e40 000017c0H .bss                    DATA
 0004:00000000 000045dcH BDSHARE                 DATA
 0005:00000000 000002d4H .rsrc$01                DATA
 0005:000002e0 00001850H .rsrc$02                DATA

  Address         Publics by Value              Rva+Base     Lib:Object

 0001:00000000       _DllMain@12                10001000 f   Nalserv95.obj
 0001:00000020       _NALSAPIinit@4             10001020 f   Nalserv95.obj
 0001:00000270       _NALSAPIdeinit@0           10001270 f   Nalserv95.obj
 0001:000002f0       _NALSAPIgetportlist@4      100012f0 f   Nalserv95.obj
 0001:00000300       _NALSAPIgetlen@4           10001300 f   Nalserv95.obj
 0001:00000320       _NALSAPImaxNPDUlength@4    10001320 f   Nalserv95.obj
 0001:00000350       _NALSAPIgetaddr@8          10001350 f   Nalserv95.obj
 0001:00000380       _NALSAPIgetapdu@12         10001380 f   Nalserv95.obj
 0001:000003f0       _NALSAPIgetpacket@4        100013f0 f   Nalserv95.obj
 0001:00000460       _GetNextALPacket           10001460 f   Nalserv95.obj
 0001:000004c0       _NALSAPIcopyrequest@8      100014c0 f   Nalserv95.obj
 0001:00000510       _NALSAPIrequest@4          10001510 f   Nalserv95.obj
 0001:00000f70       _DoTransmit                10001f70 f   Nalserv95.obj
 0001:00001020       _BadPort                   10002020 f   Nalserv95.obj
 0001:00001050       _getinvokeid               10002050 f   Nalserv95.obj
 0001:000010a0       _getmaxlength              100020a0 f   Nalserv95.obj
 0001:00001220       _getmaxlengthNIC           10002220 f   Nalserv95.obj
 0001:00001260       _NALSAPIgetmaxresponse@4   10002260 f   Nalserv95.obj
 0001:000012f0       _NALSAPIgetstatistics@4    100022f0 f   Nalserv95.obj
 0001:00001310       _NALSAPIreceivefilter@4    10002310 f   Nalserv95.obj
 0001:00001320       _NALSAPIputlog@4           10002320 f   Nalserv95.obj
 0001:00001340       _NALSAPIanytobyte@12       10002340 f   Nalserv95.obj
 0001:00001340       _NALSAPIbytetoany@12       10002340 f   Nalserv95.obj
 0001:00001370       _NALSAPItransmit@4         10002370 f   Nalserv95.obj
 0001:00001420       _NALSAPIgetlog@4           10002420 f   Nalserv95.obj
 0001:00001470       _NALSAPIregisterNLserver@4 10002470 f   Nalserv95.obj
 0001:000014a0       _NALSAPIregisterALserver@4 100024a0 f   Nalserv95.obj
 0001:000014d0       _Configure@16              100024d0 f   Nalserv95.obj
 0001:00001b30       _About@16                  10002b30 f   Nalserv95.obj
 0001:00001b90       _MainWndProc@16            10002b90 f   Nalserv95.obj
 0001:00001e20       _StartUp                   10002e20 f   Nalserv95.obj
 0001:00001f20       _TimerEvent                10002f20 f   Nalserv95.obj
 0001:00002120       _MainLoop                  10003120 f   Nalserv95.obj
 0001:000025d0       _TransmitTest              100035d0 f   Nalserv95.obj
 0001:00002650       _ShowAsHex                 10003650 f   Nalserv95.obj
 0001:00002e10       _ReceiveIndicate           10003e10 f   Nalserv95.obj
 0001:000034d0       _ReceiveIndicateServer     100044d0 f   Nalserv95.obj
 0001:00003dc0       _ReceiveIndicateClient     10004dc0 f   Nalserv95.obj
 0001:00004320       _IsForUs                   10005320 f   Nalserv95.obj
 0001:000043a0       _IsEcho                    100053a0 f   Nalserv95.obj
 0001:000043c0       _IsSource                  100053c0 f   Nalserv95.obj
 0001:00004480       _HandleWhoisIam            10005480 f   Nalserv95.obj
 0001:00004650       _SendAbort                 10005650 f   Nalserv95.obj
 0001:000046f0       _SendSegmentedAck          100056f0 f   Nalserv95.obj
 0001:00004800       _InWindow                  10005800 f   Nalserv95.obj
 0001:00004850       _FillWindow                10005850 f   Nalserv95.obj
 0001:00004bc0       _FindAPDU                  10005bc0 f   Nalserv95.obj
 0001:00004c00       _LogNPDUerror              10005c00 f   Nalserv95.obj
 0001:00004c30       _DrawBitmap                10005c30 f   Nalserv95.obj
 0001:00004cf0       _ShowIdle                  10005cf0 f   Nalserv95.obj
 0001:00004d20       _ShowPacketWindows         10005d20 f   Nalserv95.obj
 0001:000050f0       _YesNo                     100060f0 f   Nalserv95.obj
 0001:00005110       _ToggleCheckMenuItem       10006110 f   Nalserv95.obj
 0001:00005160       _IsCheckedMenuItem         10006160 f   Nalserv95.obj
 0001:00005190       _lcb                       10006190 f   Nalserv95.obj
 0001:000051b0       _ClearItems                100061b0 f   Nalserv95.obj
 0001:000051e0       _GetListCount              100061e0 f   Nalserv95.obj
 0001:00005210       _GetListText               10006210 f   Nalserv95.obj
 0001:00005250       _RemoveItem                10006250 f   Nalserv95.obj
 0001:00005280       _AddItem                   10006280 f   Nalserv95.obj
 0001:000052b0       _EnterItem                 100062b0 f   Nalserv95.obj
 0001:00005310       _MakeLog                   10006310 f   Nalserv95.obj
 0001:000053c0       _Nxt                       100063c0 f   Nalserv95.obj
 0001:000053e0       _ReadPreferences           100063e0 f   Nalserv95.obj
 0001:00005a70       _ReadPeerList              10006a70 f   Nalserv95.obj
 0001:00005d40       _SavePreferences           10006d40 f   Nalserv95.obj
 0001:00006090       _cvhex                     10007090 f   Nalserv95.obj
 0001:000061c0       _cvhex4be                  100071c0 f   Nalserv95.obj
 0001:000061f0       _cvhexn                    100071f0 f   Nalserv95.obj
 0001:00006220       _wpbige                    10007220 f   Nalserv95.obj
 0001:00006240       _wbige                     10007240 f   Nalserv95.obj
 0001:00006260       _NALSAPItransmitIam@16     10007260 f   Nalserv95.obj
 0001:000062f0       _NALSAPItransmitWhois@28   100072f0 f   Nalserv95.obj
 0001:00006380       _NALSAPItransmitTimeSynch@16 10007380 f   Nalserv95.obj
 0001:00006440       _BuildNALSpacket           10007440 f   Nalserv95.obj
 0001:000064b0       _GMALLOC                   100074b0 f   Nalserv95.obj
 0001:000064c0       _GFREE                     100074c0 f   Nalserv95.obj
 0001:000064d0       _MACPInit                  100074d0 f   Nalserv95.obj
 0001:000067e0       _MACPDeinit                100077e0 f   Nalserv95.obj
 0001:00006880       _MACPreceive               10007880 f   Nalserv95.obj
 0001:00006950       _Listener                  10007950 f   Nalserv95.obj
 0001:00006d60       _GetSystemError            10007d60 f   Nalserv95.obj
 0001:00006d90       _MACPtransmit              10007d90 f   Nalserv95.obj
 0001:00007020       _MACPgetaddr               10008020 f   Nalserv95.obj
 0001:00007060       _MACPmaxNPDUlength         10008060 f   Nalserv95.obj
 0001:00007090       _MACPgetstats              10008090 f   Nalserv95.obj
 0001:000070d0       _MACPgetlen                100080d0 f   Nalserv95.obj
 0001:00007100       _MACPgetportlist           10008100 f   Nalserv95.obj
 0001:000072a0       _CreateTrayIcon            100082a0 f   Nalserv95.obj
 0001:00007320       _DeleteTrayIcon            10008320 f   Nalserv95.obj
 0001:00007360       _sprintf                   10008360 f   libcmt:sprintf.obj
 0001:000073e0       _strchr                    100083e0 f   libcmt:strchr.obj
 0001:000073e6       ___from_strstr_to_strchr   100083e6     libcmt:strchr.obj
 0001:000074a0       _ctime                     100084a0 f   libcmt:ctime.obj
 0001:000074c0       _time                      100084c0 f   libcmt:time.obj
 0001:000075f0       _fclose                    100085f0 f   libcmt:fclose.obj
 0001:00007630       __fclose_lk                10008630 f   libcmt:fclose.obj
 0001:000076a0       _fprintf                   100086a0 f   libcmt:fprintf.obj
 0001:000076f0       __dosmaperr                100086f0 f   libcmt:dosmap.obj
 0001:00007770       __errno                    10008770 f   libcmt:dosmap.obj
 0001:00007780       ___doserrno                10008780 f   libcmt:dosmap.obj
 0001:00007790       __fsopen                   10008790 f   libcmt:fopen.obj
 0001:000077d0       _fopen                     100087d0 f   libcmt:fopen.obj
 0001:000077f0       _atol                      100087f0 f   libcmt:atox.obj
 0001:00007890       _atoi                      10008890 f   libcmt:atox.obj
 0001:000078a0       _strncpy                   100088a0 f   libcmt:strncpy.obj
 0001:000079a0       _strstr                    100089a0 f   libcmt:strstr.obj
 0001:00007a20       _fgets                     10008a20 f   libcmt:fgets.obj
 0001:00007ab0       __isctype                  10008ab0 f   libcmt:isctype.obj
 0001:00007b50       _localtime                 10008b50 f   libcmt:localtim.obj
 0001:00007d40       __beginthread              10008d40 f   libcmt:thread.obj
 0001:00007e70       __endthread                10008e70 f   libcmt:thread.obj
 0001:00007ec0       __alloca_probe             10008ec0     libcmt:chkstk.obj
 0001:00007ec0       __chkstk                   10008ec0     libcmt:chkstk.obj
 0001:00007ef0       __CRT_INIT@12              10008ef0 f   libcmt:dllcrt0.obj
 0001:00008010       __DllMainCRTStartup@12     10009010 f   libcmt:dllcrt0.obj
 0001:000080c0       __amsg_exit                100090c0 f   libcmt:dllcrt0.obj
 0001:00008100       __flsbuf                   10009100 f   libcmt:_flsbuf.obj
 0001:00008230       __output                   10009230 f   libcmt:output.obj
 0001:00008cf0       _asctime                   10009cf0 f   libcmt:asctime.obj
 0001:00008e20       ___loctotime_t             10009e20 f   libcmt:dtoxtime.obj
 0001:00008f10       __mtinitlocks              10009f10 f   libcmt:mlock.obj
 0001:00008f40       __mtdeletelocks            10009f40 f   libcmt:mlock.obj
 0001:00008fc0       __lock                     10009fc0 f   libcmt:mlock.obj
 0001:00009040       __unlock                   1000a040 f   libcmt:mlock.obj
 0001:00009060       __lock_file                1000a060 f   libcmt:mlock.obj
 0001:000090a0       __lock_file2               1000a0a0 f   libcmt:mlock.obj
 0001:000090d0       __unlock_file              1000a0d0 f   libcmt:mlock.obj
 0001:00009110       __unlock_file2             1000a110 f   libcmt:mlock.obj
 0001:00009140       _free                      1000a140 f   libcmt:free.obj
 0001:000091b0       __close                    1000a1b0 f   libcmt:close.obj
 0001:00009220       __close_lk                 1000a220 f   libcmt:close.obj
 0001:000092b0       __freebuf                  1000a2b0 f   libcmt:_freebuf.obj
 0001:000092f0       __fflush_lk                1000a2f0 f   libcmt:fflush.obj
 0001:00009330       __flush                    1000a330 f   libcmt:fflush.obj
 0001:000093a0       __flushall                 1000a3a0 f   libcmt:fflush.obj
 0001:00009470       __stbuf                    1000a470 f   libcmt:_sftbuf.obj
 0001:00009530       __ftbuf                    1000a530 f   libcmt:_sftbuf.obj
 0001:00009570       _malloc                    1000a570 f   libcmt:malloc.obj
 0001:00009590       __nh_malloc                1000a590 f   libcmt:malloc.obj
 0001:000095e0       __heap_alloc               1000a5e0 f   libcmt:malloc.obj
 0001:00009640       __mtinit                   1000a640 f   libcmt:tidtable.obj
 0001:000096a0       __mtterm                   1000a6a0 f   libcmt:tidtable.obj
 0001:000096d0       __initptd                  1000a6d0 f   libcmt:tidtable.obj
 0001:000096f0       __getptd                   1000a6f0 f   libcmt:tidtable.obj
 0001:00009770       __freeptd                  1000a770 f   libcmt:tidtable.obj
 0001:00009820       __openfile                 1000a820 f   libcmt:_open.obj
 0001:000099f0       __getstream                1000a9f0 f   libcmt:stream.obj
 0001:00009ad0       __allmul                   1000aad0 f   libcmt:llmul.obj
 0001:00009b10       __filbuf                   1000ab10 f   libcmt:_filbuf.obj
 0001:00009c00       ___crtGetStringTypeW       1000ac00 f   libcmt:aw_str.obj
 0001:00009d90       ___crtGetStringTypeA       1000ad90 f   libcmt:aw_str.obj
 0001:00009ed0       ___tzset                   1000aed0 f   libcmt:tzset.obj
 0001:0000a1f0       __isindst                  1000b1f0 f   libcmt:tzset.obj
 0001:0000a630       _gmtime                    1000b630 f   libcmt:gmtime.obj
 0001:0000a7a0       _calloc                    1000b7a0 f   libcmt:calloc.obj
 0001:0000a850       __cinit                    1000b850 f   libcmt:crt0dat.obj
 0001:0000a880       __exit                     1000b880 f   libcmt:crt0dat.obj
 0001:0000a8a0       __cexit                    1000b8a0 f   libcmt:crt0dat.obj
 0001:0000a970       __lockexit                 1000b970 f   libcmt:crt0dat.obj
 0001:0000a980       __unlockexit               1000b980 f   libcmt:crt0dat.obj
 0001:0000a9b0       __XcptFilter               1000b9b0 f   libcmt:winxfltr.obj
 0001:0000ac00       __global_unwind2           1000bc00 f   libcmt:exsup.obj
 0001:0000ac42       __local_unwind2            1000bc42 f   libcmt:exsup.obj
 0001:0000ac9a       __NLG_Return2              1000bc9a     libcmt:exsup.obj
 0001:0000acaa       __abnormal_termination     1000bcaa f   libcmt:exsup.obj
 0001:0000accd       __NLG_Notify1              1000bccd f   libcmt:exsup.obj
 0001:0000acd6       __NLG_Notify               1000bcd6 f   libcmt:exsup.obj
 0001:0000ace9       __NLG_Dispatch             1000bce9     libcmt:exsup.obj
 0001:0000acf8       __except_handler3          1000bcf8 f   libcmt:exsup3.obj
 0001:0000adb5       __seh_longjmp_unwind@4     1000bdb5 f   libcmt:exsup3.obj
 0001:0000add0       __ioinit                   1000bdd0 f   libcmt:ioinit.obj
 0001:0000afe0       __ioterm                   1000bfe0 f   libcmt:ioinit.obj
 0001:0000b040       __setenvp                  1000c040 f   libcmt:stdenvp.obj
 0001:0000b130       __setargv                  1000c130 f   libcmt:stdargv.obj
 0001:0000b3e0       __setmbcp                  1000c3e0 f   libcmt:mbctype.obj
 0001:0000b8e0       ___initmbctable            1000c8e0 f   libcmt:mbctype.obj
 0001:0000b8f0       ___crtGetEnvironmentStringsA 1000c8f0 f   libcmt:aw_env.obj
 0001:0000ba50       __heap_init                1000ca50 f   libcmt:heapinit.obj
 0001:0000ba90       __heap_term                1000ca90 f   libcmt:heapinit.obj
 0001:0000bad0       __FF_MSGBANNER             1000cad0 f   libcmt:crt0msg.obj
 0001:0000bb10       __NMSG_WRITE               1000cb10 f   libcmt:crt0msg.obj
 0001:0000bcf0       __lseek                    1000ccf0 f   libcmt:lseek.obj
 0001:0000bd70       __lseek_lk                 1000cd70 f   libcmt:lseek.obj
 0001:0000bdf0       __write                    1000cdf0 f   libcmt:write.obj
 0001:0000be70       __write_lk                 1000ce70 f   libcmt:write.obj
 0001:0000c080       __getbuf                   1000d080 f   libcmt:_getbuf.obj
 0001:0000c0e0       __isatty                   1000d0e0 f   libcmt:isatty.obj
 0001:0000c110       ___initstdio               1000d110 f   libcmt:_file.obj
 0001:0000c1d0       ___endstdio                1000d1d0 f   libcmt:_file.obj
 0001:0000c1f0       _wctomb                    1000d1f0 f   libcmt:wctomb.obj
 0001:0000c260       __wctomb_lk                1000d260 f   libcmt:wctomb.obj
 0001:0000c2e0       __aulldiv                  1000d2e0 f   libcmt:ulldiv.obj
 0001:0000c350       __aullrem                  1000d350 f   libcmt:ullrem.obj
 0001:0000c3d0       ___sbh_new_region          1000d3d0 f   libcmt:sbheap.obj
 0001:0000c540       ___sbh_release_region      1000d540 f   libcmt:sbheap.obj
 0001:0000c5a0       ___sbh_decommit_pages      1000d5a0 f   libcmt:sbheap.obj
 0001:0000c670       ___sbh_find_block          1000d670 f   libcmt:sbheap.obj
 0001:0000c6d0       ___sbh_free_block          1000d6d0 f   libcmt:sbheap.obj
 0001:0000c730       ___sbh_alloc_block         1000d730 f   libcmt:sbheap.obj
 0001:0000c970       ___sbh_alloc_block_from_page 1000d970 f   libcmt:sbheap.obj
 0001:0000caf0       ___sbh_resize_block        1000daf0 f   libcmt:sbheap.obj
 0001:0000cbc0       __alloc_osfhnd             1000dbc0 f   libcmt:osfinfo.obj
 0001:0000cd30       __set_osfhnd               1000dd30 f   libcmt:osfinfo.obj
 0001:0000cde0       __free_osfhnd              1000dde0 f   libcmt:osfinfo.obj
 0001:0000ce80       __get_osfhandle            1000de80 f   libcmt:osfinfo.obj
 0001:0000ced0       __lock_fhandle             1000ded0 f   libcmt:osfinfo.obj
 0001:0000cf40       __unlock_fhandle           1000df40 f   libcmt:osfinfo.obj
 0001:0000cf70       __commit                   1000df70 f   libcmt:commit.obj
 0001:0000d010       __callnewh                 1000e010 f   libcmt:handler.obj
 0001:0000d030       __sopen                    1000e030 f   libcmt:open.obj
 0001:0000d3d0       __read                     1000e3d0 f   libcmt:read.obj
 0001:0000d450       __read_lk                  1000e450 f   libcmt:read.obj
 0001:0000d680       _memmove                   1000e680 f   libcmt:memmove.obj
 0001:0000d9c0       _wcstombs                  1000e9c0 f   libcmt:wcstombs.obj
 0001:0000da40       __wcstombs_lk              1000ea40 f   libcmt:wcstombs.obj
 0001:0000dc70       __getenv_lk                1000ec70 f   libcmt:getenv.obj
 0001:0000dd00       ___crtLCMapStringA         1000ed00 f   libcmt:aw_map.obj
 0001:0000df60       _wcslen                    1000ef60 f   libcmt:wcslen.obj
 0001:0000df80       ___crtMessageBoxA          1000ef80 f   libcmt:crtmbox.obj
 0001:0000e010       __fcloseall                1000f010 f   libcmt:closeall.obj
 0001:0000e0b0       __fptrap                   1000f0b0 f   libcmt:crt0fp.obj
 0001:0000e0c0       __chsize_lk                1000f0c0 f   libcmt:chsize.obj
 0001:0000e210       __mbsnbicoll               1000f210 f   libcmt:mbsnbico.obj
 0001:0000e250       ___wtomb_environ           1000f250 f   libcmt:wtombenv.obj
 0001:0000e2d0       ___init_time               1000f2d0 f   libcmt:inittime.obj
 0001:0000ea40       ___init_numeric            1000fa40 f   libcmt:initnum.obj
 0001:0000ec40       ___init_monetary           1000fc40 f   libcmt:initmon.obj
 0001:0000ef30       ___init_ctype              1000ff30 f   libcmt:initctyp.obj
 0001:0000f1f0       ___init_collate            100101f0 f   libcmt:initcoll.obj
 0001:0000f1f0       ___init_dummy              100101f0 f   libcmt:initcoll.obj
 0001:0000f200       _strcspn                   10010200 f   libcmt:strcspn.obj
 0001:0000f240       _strncmp                   10010240 f   libcmt:strncmp.obj
 0001:0000f280       _strpbrk                   10010280 f   libcmt:strpbrk.obj
 0001:0000f2c0       __setmode_lk               100102c0 f   libcmt:setmode.obj
 0001:0000f330       ___crtCompareStringA       10010330 f   libcmt:aw_cmp.obj
 0001:0000f600       ___crtsetenv               10010600 f   libcmt:setenv.obj
 0001:0000f900       ___getlocaleinfo           10010900 f   libcmt:inithelp.obj
 0001:0000fab0       __itoa                     10010ab0 f   libcmt:xtoa.obj
 0001:0000fab0       _itoa                      10010ab0 f   libcmt:xtoa.obj
 0001:0000fb60       __strcmpi                  10010b60 f   libcmt:stricmp.obj
 0001:0000fb60       __stricmp                  10010b60 f   libcmt:stricmp.obj
 0001:0000fb60       _stricmp                   10010b60 f   libcmt:stricmp.obj
 0001:0000fc30       __strnicmp                 10010c30 f   libcmt:strnicmp.obj
 0001:0000fd40       _realloc                   10010d40 f   libcmt:realloc.obj
 0001:0000fef0       __mbschr                   10010ef0 f   libcmt:mbschr.obj
 0001:0000ffc0       __strdup                   10010fc0 f   libcmt:strdup.obj
 0001:00010010       ___crtGetLocaleInfoW       10011010 f   libcmt:aw_loc.obj
 0001:00010140       ___crtGetLocaleInfoA       10011140 f   libcmt:aw_loc.obj
 0001:00010280       __tolower_lk               10011280 f   libcmt:tolower.obj
 0001:00010380       _Packet32QueryOid@12       10011380 f   packet32:Packet32.obj
 0001:0001040c       _Packet32QueryULStatistic@8 1001140c f   packet32:Packet32.obj
 0001:0001044f       _Packet32OpenAdapter@4     1001144f f   packet32:Packet32.obj
 0001:00010741       _Packet32CloseAdapter@4    10011741 f   packet32:Packet32.obj
 0001:00010799       _Packet32AllocatePacket@8  10011799 f   packet32:Packet32.obj
 0001:00010824       _Packet32FreePacket@4      10011824 f   packet32:Packet32.obj
 0001:00010856       _Packet32InitPacket@8      10011856 f   packet32:Packet32.obj
 0001:000108c2       _Packet32DeviceIoControl@16 100118c2 f   packet32:Packet32.obj
 0001:00010998       _Packet32SendPacket@12     10011998 f   packet32:Packet32.obj
 0001:000109b5       _Packet32ReceivePacket@12  100119b5 f   packet32:Packet32.obj
 0001:000109d2       _Packet32WaitPacket@16     100119d2 f   packet32:Packet32.obj
 0001:00010a23       _Packet32ResetAdapter@4    10011a23 f   packet32:Packet32.obj
 0001:00010a4e       _Packet32Request@12        10011a4e f   packet32:Packet32.obj
 0001:00010a93       _Packet32SetFilter@8       10011a93 f   packet32:Packet32.obj
 0001:00010b19       _StartPacketDriver         10011b19 f   packet32:Packet32.obj
 0001:00010c9b       _StopPacketDriver          10011c9b f   packet32:Packet32.obj
 0001:00010cf4       _Packet32GetAdapterNames@8 10011cf4 f   packet32:Packet32.obj
 0001:00010d0f       _Packet32GetAddress@8      10011d0f f   packet32:Packet32.obj
 0001:00010d9d       _GetCount                  10011d9d f   packet32:Packet32.obj
 0001:00010e3f       _Packet32GetRxCount@4      10011e3f f   packet32:Packet32.obj
 0001:00010e57       _Packet32GetTxCount@4      10011e57 f   packet32:Packet32.obj
 0001:00010e6f       _Packet32GetPerfStats@8    10011e6f f   packet32:Packet32.obj
 0001:00010f81       _mymalloc@4                10011f81 f   packet32:Packet32.obj
 0001:00010f9b       _myfree@4                  10011f9b f   packet32:Packet32.obj
 0001:00010fc4       _mysize@4                  10011fc4 f   packet32:Packet32.obj
 0001:00010fe6       _dENUM@4                   10011fe6 f   bacprim32:BACPRIM32.dll
 0001:00010fec       _dUINT@4                   10011fec f   bacprim32:BACPRIM32.dll
 0001:00010ff2       _dOBJECTID@8               10011ff2 f   bacprim32:BACPRIM32.dll
 0001:00010ff8       _dCONTEXT@8                10011ff8 f   bacprim32:BACPRIM32.dll
 0001:00010ffe       _eIAmService@20            10011ffe f   bacprim32:BACPRIM32.dll
 0001:00011004       _eWhoIsService@16          10012004 f   bacprim32:BACPRIM32.dll
 0001:0001100a       _eTimeSynchService@36      1001200a f   bacprim32:BACPRIM32.dll
 0001:00011010       _ptpInit@0                 10012010 f   ptp:PTP.dll
 0001:00011016       _ptpDeinit@0               10012016 f   ptp:PTP.dll
 0001:0001101c       _ptpReceive@4              1001201c f   ptp:PTP.dll
 0001:00011022       _ptpTransmit@4             10012022 f   ptp:PTP.dll
 0001:00011028       _ptpCatName@4              10012028 f   ptp:PTP.dll
 0001:0001102e       _mstpGetTS@0               1001202e f   mstp:MSTP.dll
 0001:00011034       _mstpVarMaxInfoFrames@8    10012034 f   mstp:MSTP.dll
 0001:0001103a       _mstpVarMaxMaster@8        1001203a f   mstp:MSTP.dll
 0001:00011040       _mstpInit@0                10012040 f   mstp:MSTP.dll
 0001:00011046       _mstpDeinit@0              10012046 f   mstp:MSTP.dll
 0001:0001104c       _mstpReceive@4             1001204c f   mstp:MSTP.dll
 0001:00011052       _mstpTransmit@4            10012052 f   mstp:MSTP.dll
 0001:00011058       _mstpCatName@4             10012058 f   mstp:MSTP.dll
 0001:0001105e       _RtlUnwind@16              1001205e f   kernel32:KERNEL32.dll
 0001:00011070       _memcpy                    10012070 f   libcmt:memcpy.obj
 0001:000113b0       _strlen                    100123b0 f   libcmt:strlen.obj
 0001:00011430       _memset                    10012430 f   libcmt:memset.obj
 0002:00000000       __imp__eTimeSynchService@36 10013000     bacprim32:BACPRIM32.dll
 0002:00000004       __imp__eWhoIsService@16    10013004     bacprim32:BACPRIM32.dll
 0002:00000008       __imp__eIAmService@20      10013008     bacprim32:BACPRIM32.dll
 0002:0000000c       __imp__dCONTEXT@8          1001300c     bacprim32:BACPRIM32.dll
 0002:00000010       __imp__dOBJECTID@8         10013010     bacprim32:BACPRIM32.dll
 0002:00000014       __imp__dUINT@4             10013014     bacprim32:BACPRIM32.dll
 0002:00000018       __imp__dENUM@4             10013018     bacprim32:BACPRIM32.dll
 0002:0000001c       \177BACPRIM32_NULL_THUNK_DATA 1001301c     bacprim32:BACPRIM32.dll
 0002:00000020       __imp__GetMapMode@4        10013020     gdi32:GDI32.dll
 0002:00000024       __imp__CreateCompatibleDC@4 10013024     gdi32:GDI32.dll
 0002:00000028       __imp__SetMapMode@8        10013028     gdi32:GDI32.dll
 0002:0000002c       __imp__GetObjectA@12       1001302c     gdi32:GDI32.dll
 0002:00000030       __imp__SelectObject@8      10013030     gdi32:GDI32.dll
 0002:00000034       __imp__BitBlt@36           10013034     gdi32:GDI32.dll
 0002:00000038       __imp__DeleteDC@4          10013038     gdi32:GDI32.dll
 0002:0000003c       __imp__DPtoLP@12           1001303c     gdi32:GDI32.dll
 0002:00000040       __imp__SetBkMode@8         10013040     gdi32:GDI32.dll
 0002:00000044       __imp__DeleteObject@4      10013044     gdi32:GDI32.dll
 0002:00000048       __imp__SetTextColor@8      10013048     gdi32:GDI32.dll
 0002:0000004c       __imp__GetStockObject@4    1001304c     gdi32:GDI32.dll
 0002:00000050       \177GDI32_NULL_THUNK_DATA  10013050     gdi32:GDI32.dll
 0002:00000054       __imp__HeapReAlloc@16      10013054     kernel32:KERNEL32.dll
 0002:00000058       __imp__SetEnvironmentVariableA@8 10013058     kernel32:KERNEL32.dll
 0002:0000005c       __imp__CompareStringW@24   1001305c     kernel32:KERNEL32.dll
 0002:00000060       __imp__CompareStringA@24   10013060     kernel32:KERNEL32.dll
 0002:00000064       __imp__GetLocaleInfoW@16   10013064     kernel32:KERNEL32.dll
 0002:00000068       __imp__GetLocaleInfoA@16   10013068     kernel32:KERNEL32.dll
 0002:0000006c       __imp__SetEndOfFile@4      1001306c     kernel32:KERNEL32.dll
 0002:00000070       __imp__LoadLibraryA@4      10013070     kernel32:KERNEL32.dll
 0002:00000074       __imp__DeviceIoControl@32  10013074     kernel32:KERNEL32.dll
 0002:00000078       __imp__CreateEventA@16     10013078     kernel32:KERNEL32.dll
 0002:0000007c       __imp__ReadFile@20         1001307c     kernel32:KERNEL32.dll
 0002:00000080       __imp__CreateFileA@28      10013080     kernel32:KERNEL32.dll
 0002:00000084       __imp__FlushFileBuffers@4  10013084     kernel32:KERNEL32.dll
 0002:00000088       __imp__SetStdHandle@8      10013088     kernel32:KERNEL32.dll
 0002:0000008c       __imp__VirtualAlloc@16     1001308c     kernel32:KERNEL32.dll
 0002:00000090       __imp__InterlockedIncrement@4 10013090     kernel32:KERNEL32.dll
 0002:00000094       __imp__InterlockedDecrement@4 10013094     kernel32:KERNEL32.dll
 0002:00000098       __imp__SetFilePointer@16   10013098     kernel32:KERNEL32.dll
 0002:0000009c       __imp__WriteFile@20        1001309c     kernel32:KERNEL32.dll
 0002:000000a0       __imp__VirtualFree@12      100130a0     kernel32:KERNEL32.dll
 0002:000000a4       __imp__HeapCreate@12       100130a4     kernel32:KERNEL32.dll
 0002:000000a8       __imp__HeapDestroy@4       100130a8     kernel32:KERNEL32.dll
 0002:000000ac       __imp__GetEnvironmentStringsW@0 100130ac     kernel32:KERNEL32.dll
 0002:000000b0       __imp__GetOverlappedResult@16 100130b0     kernel32:KERNEL32.dll
 0002:000000b4       __imp__GlobalFree@4        100130b4     kernel32:KERNEL32.dll
 0002:000000b8       __imp__GlobalLock@4        100130b8     kernel32:KERNEL32.dll
 0002:000000bc       __imp__GlobalAlloc@8       100130bc     kernel32:KERNEL32.dll
 0002:000000c0       __imp__GlobalSize@4        100130c0     kernel32:KERNEL32.dll
 0002:000000c4       __imp__GlobalUnlock@4      100130c4     kernel32:KERNEL32.dll
 0002:000000c8       __imp__GlobalHandle@4      100130c8     kernel32:KERNEL32.dll
 0002:000000cc       __imp__GetProcAddress@8    100130cc     kernel32:KERNEL32.dll
 0002:000000d0       __imp__FormatMessageA@28   100130d0     kernel32:KERNEL32.dll
 0002:000000d4       __imp__GetFileType@4       100130d4     kernel32:KERNEL32.dll
 0002:000000d8       __imp__LCMapStringA@24     100130d8     kernel32:KERNEL32.dll
 0002:000000dc       __imp__LCMapStringW@24     100130dc     kernel32:KERNEL32.dll
 0002:000000e0       __imp__GetEnvironmentStrings@0 100130e0     kernel32:KERNEL32.dll
 0002:000000e4       __imp__WaitForMultipleObjects@16 100130e4     kernel32:KERNEL32.dll
 0002:000000e8       __imp__FreeEnvironmentStringsW@4 100130e8     kernel32:KERNEL32.dll
 0002:000000ec       __imp__LocalFree@4         100130ec     kernel32:KERNEL32.dll
 0002:000000f0       __imp__Sleep@4             100130f0     kernel32:KERNEL32.dll
 0002:000000f4       __imp__ResetEvent@4        100130f4     kernel32:KERNEL32.dll
 0002:000000f8       __imp__GetWindowsDirectoryA@8 100130f8     kernel32:KERNEL32.dll
 0002:000000fc       __imp__EnterCriticalSection@4 100130fc     kernel32:KERNEL32.dll
 0002:00000100       __imp__LeaveCriticalSection@4 10013100     kernel32:KERNEL32.dll
 0002:00000104       __imp__DeleteCriticalSection@4 10013104     kernel32:KERNEL32.dll
 0002:00000108       __imp__GetLastError@0      10013108     kernel32:KERNEL32.dll
 0002:0000010c       __imp__FreeEnvironmentStringsA@4 1001310c     kernel32:KERNEL32.dll
 0002:00000110       __imp__GetOEMCP@0          10013110     kernel32:KERNEL32.dll
 0002:00000114       __imp__GetACP@0            10013114     kernel32:KERNEL32.dll
 0002:00000118       __imp__GetCPInfo@8         10013118     kernel32:KERNEL32.dll
 0002:0000011c       __imp__GetModuleFileNameA@12 1001311c     kernel32:KERNEL32.dll
 0002:00000120       __imp__GetStartupInfoA@4   10013120     kernel32:KERNEL32.dll
 0002:00000124       __imp__ExitProcess@4       10013124     kernel32:KERNEL32.dll
 0002:00000128       __imp__SetHandleCount@4    10013128     kernel32:KERNEL32.dll
 0002:0000012c       __imp__RtlUnwind@16        1001312c     kernel32:KERNEL32.dll
 0002:00000130       __imp__InitializeCriticalSection@4 10013130     kernel32:KERNEL32.dll
 0002:00000134       __imp__GetStdHandle@4      10013134     kernel32:KERNEL32.dll
 0002:00000138       __imp__HeapFree@12         10013138     kernel32:KERNEL32.dll
 0002:0000013c       __imp__GetCurrentProcess@0 1001313c     kernel32:KERNEL32.dll
 0002:00000140       __imp__TerminateProcess@8  10013140     kernel32:KERNEL32.dll
 0002:00000144       __imp__GetTimeZoneInformation@4 10013144     kernel32:KERNEL32.dll
 0002:00000148       __imp__GetSystemTime@4     10013148     kernel32:KERNEL32.dll
 0002:0000014c       __imp__GetLocalTime@4      1001314c     kernel32:KERNEL32.dll
 0002:00000150       __imp__ResumeThread@4      10013150     kernel32:KERNEL32.dll
 0002:00000154       __imp__CreateThread@24     10013154     kernel32:KERNEL32.dll
 0002:00000158       __imp__TlsSetValue@8       10013158     kernel32:KERNEL32.dll
 0002:0000015c       __imp__ExitThread@4        1001315c     kernel32:KERNEL32.dll
 0002:00000160       __imp__CloseHandle@4       10013160     kernel32:KERNEL32.dll
 0002:00000164       __imp__GetCommandLineA@0   10013164     kernel32:KERNEL32.dll
 0002:00000168       __imp__GetVersion@0        10013168     kernel32:KERNEL32.dll
 0002:0000016c       __imp__SetLastError@4      1001316c     kernel32:KERNEL32.dll
 0002:00000170       __imp__TlsFree@4           10013170     kernel32:KERNEL32.dll
 0002:00000174       __imp__UnhandledExceptionFilter@4 10013174     kernel32:KERNEL32.dll
 0002:00000178       __imp__HeapAlloc@12        10013178     kernel32:KERNEL32.dll
 0002:0000017c       __imp__GetCurrentThreadId@0 1001317c     kernel32:KERNEL32.dll
 0002:00000180       __imp__TlsAlloc@0          10013180     kernel32:KERNEL32.dll
 0002:00000184       __imp__GetStringTypeW@16   10013184     kernel32:KERNEL32.dll
 0002:00000188       __imp__MultiByteToWideChar@24 10013188     kernel32:KERNEL32.dll
 0002:0000018c       __imp__TlsGetValue@4       1001318c     kernel32:KERNEL32.dll
 0002:00000190       __imp__WideCharToMultiByte@32 10013190     kernel32:KERNEL32.dll
 0002:00000194       __imp__GetStringTypeA@20   10013194     kernel32:KERNEL32.dll
 0002:00000198       \177KERNEL32_NULL_THUNK_DATA 10013198     kernel32:KERNEL32.dll
 0002:0000019c       __imp__mstpInit@0          1001319c     mstp:MSTP.dll
 0002:000001a0       __imp__mstpReceive@4       100131a0     mstp:MSTP.dll
 0002:000001a4       __imp__mstpCatName@4       100131a4     mstp:MSTP.dll
 0002:000001a8       __imp__mstpTransmit@4      100131a8     mstp:MSTP.dll
 0002:000001ac       __imp__mstpGetTS@0         100131ac     mstp:MSTP.dll
 0002:000001b0       __imp__mstpVarMaxMaster@8  100131b0     mstp:MSTP.dll
 0002:000001b4       __imp__mstpVarMaxInfoFrames@8 100131b4     mstp:MSTP.dll
 0002:000001b8       __imp__mstpDeinit@0        100131b8     mstp:MSTP.dll
 0002:000001bc       \177MSTP_NULL_THUNK_DATA   100131bc     mstp:MSTP.dll
 0002:000001c0       __imp__ptpInit@0           100131c0     ptp:PTP.dll
 0002:000001c4       __imp__ptpCatName@4        100131c4     ptp:PTP.dll
 0002:000001c8       __imp__ptpTransmit@4       100131c8     ptp:PTP.dll
 0002:000001cc       __imp__ptpReceive@4        100131cc     ptp:PTP.dll
 0002:000001d0       __imp__ptpDeinit@0         100131d0     ptp:PTP.dll
 0002:000001d4       \177PTP_NULL_THUNK_DATA    100131d4     ptp:PTP.dll
 0002:000001d8       __imp__Shell_NotifyIconA@8 100131d8     shell32:SHELL32.dll
 0002:000001dc       \177SHELL32_NULL_THUNK_DATA 100131dc     shell32:SHELL32.dll
 0002:000001e0       __imp__SendDlgItemMessageA@20 100131e0     user32:USER32.dll
 0002:000001e4       __imp__GetMenu@4           100131e4     user32:USER32.dll
 0002:000001e8       __imp__GetSubMenu@8        100131e8     user32:USER32.dll
 0002:000001ec       __imp__GetMenuState@12     100131ec     user32:USER32.dll
 0002:000001f0       __imp__CheckMenuItem@12    100131f0     user32:USER32.dll
 0002:000001f4       __imp__GetClientRect@8     100131f4     user32:USER32.dll
 0002:000001f8       __imp__MoveWindow@24       100131f8     user32:USER32.dll
 0002:000001fc       __imp__InvalidateRect@12   100131fc     user32:USER32.dll
 0002:00000200       __imp__UpdateWindow@4      10013200     user32:USER32.dll
 0002:00000204       __imp__GetDC@4             10013204     user32:USER32.dll
 0002:00000208       __imp__ReleaseDC@8         10013208     user32:USER32.dll
 0002:0000020c       __imp__SetWindowTextA@8    1001320c     user32:USER32.dll
 0002:00000210       __imp__GetWindowRect@8     10013210     user32:USER32.dll
 0002:00000214       __imp__ScreenToClient@8    10013214     user32:USER32.dll
 0002:00000218       __imp__DefWindowProcA@16   10013218     user32:USER32.dll
 0002:0000021c       __imp__WinHelpA@16         1001321c     user32:USER32.dll
 0002:00000220       __imp__GetWindowLongA@8    10013220     user32:USER32.dll
 0002:00000224       __imp__ShowWindow@8        10013224     user32:USER32.dll
 0002:00000228       __imp__IsDlgButtonChecked@8 10013228     user32:USER32.dll
 0002:0000022c       __imp__GetDlgItemInt@16    1001322c     user32:USER32.dll
 0002:00000230       __imp__GetDlgItemTextA@16  10013230     user32:USER32.dll
 0002:00000234       __imp__EndDialog@8         10013234     user32:USER32.dll
 0002:00000238       __imp__GetDlgItem@8        10013238     user32:USER32.dll
 0002:0000023c       __imp__CheckDlgButton@12   1001323c     user32:USER32.dll
 0002:00000240       __imp__SetDlgItemInt@16    10013240     user32:USER32.dll
 0002:00000244       __imp__SetDlgItemTextA@12  10013244     user32:USER32.dll
 0002:00000248       __imp__DialogBoxParamA@20  10013248     user32:USER32.dll
 0002:0000024c       __imp__KillTimer@8         1001324c     user32:USER32.dll
 0002:00000250       __imp__UnregisterClassA@8  10013250     user32:USER32.dll
 0002:00000254       __imp__LoadIconA@8         10013254     user32:USER32.dll
 0002:00000258       __imp__LoadCursorA@8       10013258     user32:USER32.dll
 0002:0000025c       __imp__RegisterClassA@4    1001325c     user32:USER32.dll
 0002:00000260       __imp__CreateDialogParamA@20 10013260     user32:USER32.dll
 0002:00000264       __imp__SetTimer@16         10013264     user32:USER32.dll
 0002:00000268       __imp__DestroyWindow@4     10013268     user32:USER32.dll
 0002:0000026c       __imp__LoadBitmapA@8       1001326c     user32:USER32.dll
 0002:00000270       __imp__SendMessageA@16     10013270     user32:USER32.dll
 0002:00000274       __imp__wsprintfA           10013274     user32:USER32.dll
 0002:00000278       \177USER32_NULL_THUNK_DATA 10013278     user32:USER32.dll
 0002:00000280       _szAppName                 10013280     Nalserv95.obj
 0002:0000028c       _version                   1001328c     Nalserv95.obj
 0002:000002c0       ___lookuptable             100132c0     libcmt:output.obj
 0002:0000031c       ??_C@_1O@POHA@?$AA?$CI?$AAn?$AAu?$AAl?$AAl?$AA?$CJ?$AA?$AA@ 1001331c     libcmt:output.obj
 0002:0000032c       ??_C@_06ONKE@?$CInull?$CJ?$AA@ 1001332c     libcmt:output.obj
 0002:00000334       ??_C@_0BG@JPLP@Illegal?5byte?5sequence?$AA@ 10013334     libcmt:syserr.obj
 0002:0000034c       ??_C@_0BE@FLBN@Directory?5not?5empty?$AA@ 1001334c     libcmt:syserr.obj
 0002:00000360       ??_C@_0BJ@KAFL@Function?5not?5implemented?$AA@ 10013360     libcmt:syserr.obj
 0002:0000037c       ??_C@_0BD@CEML@No?5locks?5available?$AA@ 1001337c     libcmt:syserr.obj
 0002:00000390       ??_C@_0BC@GADJ@Filename?5too?5long?$AA@ 10013390     libcmt:syserr.obj
 0002:000003a4       ??_C@_0BK@FNFN@Resource?5deadlock?5avoided?$AA@ 100133a4     libcmt:syserr.obj
 0002:000003c0       ??_C@_0BB@EALI@Result?5too?5large?$AA@ 100133c0     libcmt:syserr.obj
 0002:000003d4       ??_C@_0N@FIAN@Domain?5error?$AA@ 100133d4     libcmt:syserr.obj
 0002:000003e4       ??_C@_0M@CLKF@Broken?5pipe?$AA@ 100133e4     libcmt:syserr.obj
 0002:000003f0       ??_C@_0P@OFDM@Too?5many?5links?$AA@ 100133f0     libcmt:syserr.obj
 0002:00000400       ??_C@_0BG@OHDM@Read?9only?5file?5system?$AA@ 10013400     libcmt:syserr.obj
 0002:00000418       ??_C@_0N@NGPA@Invalid?5seek?$AA@ 10013418     libcmt:syserr.obj
 0002:00000428       ??_C@_0BI@DMFE@No?5space?5left?5on?5device?$AA@ 10013428     libcmt:syserr.obj
 0002:00000440       ??_C@_0P@OPNK@File?5too?5large?$AA@ 10013440     libcmt:syserr.obj
 0002:00000450       ??_C@_0CE@BADJ@Inappropriate?5I?1O?5control?5operat@ 10013450     libcmt:syserr.obj
 0002:00000474       ??_C@_0BE@COOK@Too?5many?5open?5files?$AA@ 10013474     libcmt:syserr.obj
 0002:00000488       ??_C@_0BO@ELHF@Too?5many?5open?5files?5in?5system?$AA@ 10013488     libcmt:syserr.obj
 0002:000004a8       ??_C@_0BB@IHAB@Invalid?5argument?$AA@ 100134a8     libcmt:syserr.obj
 0002:000004bc       ??_C@_0P@NDNC@Is?5a?5directory?$AA@ 100134bc     libcmt:syserr.obj
 0002:000004cc       ??_C@_0BA@JMMO@Not?5a?5directory?$AA@ 100134cc     libcmt:syserr.obj
 0002:000004dc       ??_C@_0P@GFAI@No?5such?5device?$AA@ 100134dc     libcmt:syserr.obj
 0002:000004ec       ??_C@_0O@KHHM@Improper?5link?$AA@ 100134ec     libcmt:syserr.obj
 0002:000004fc       ??_C@_0M@EPHJ@File?5exists?$AA@ 100134fc     libcmt:syserr.obj
 0002:00000508       ??_C@_0BA@LPOH@Resource?5device?$AA@ 10013508     libcmt:syserr.obj
 0002:00000518       ??_C@_0O@NOFB@Unknown?5error?$AA@ 10013518     libcmt:syserr.obj
 0002:00000528       ??_C@_0M@MLJM@Bad?5address?$AA@ 10013528     libcmt:syserr.obj
 0002:00000534       ??_C@_0BC@DJON@Permission?5denied?$AA@ 10013534     libcmt:syserr.obj
 0002:00000548       ??_C@_0BB@KDDC@Not?5enough?5space?$AA@ 10013548     libcmt:syserr.obj
 0002:0000055c       ??_C@_0CB@BBBH@Resource?5temporarily?5unavailable@ 1001355c     libcmt:syserr.obj
 0002:00000580       ??_C@_0BD@ODIH@No?5child?5processes?$AA@ 10013580     libcmt:syserr.obj
 0002:00000594       ??_C@_0BE@CDDH@Bad?5file?5descriptor?$AA@ 10013594     libcmt:syserr.obj
 0002:000005a8       ??_C@_0BC@BICL@Exec?5format?5error?$AA@ 100135a8     libcmt:syserr.obj
 0002:000005bc       ??_C@_0BC@IGMC@Arg?5list?5too?5long?$AA@ 100135bc     libcmt:syserr.obj
 0002:000005d0       ??_C@_0BK@HLB@No?5such?5device?5or?5address?$AA@ 100135d0     libcmt:syserr.obj
 0002:000005ec       ??_C@_0BD@MPKK@Input?1output?5error?$AA@ 100135ec     libcmt:syserr.obj
 0002:00000600       ??_C@_0BK@ODCM@Interrupted?5function?5call?$AA@ 10013600     libcmt:syserr.obj
 0002:0000061c       ??_C@_0BA@BPKN@No?5such?5process?$AA@ 1001361c     libcmt:syserr.obj
 0002:0000062c       ??_C@_0BK@IEMO@No?5such?5file?5or?5directory?$AA@ 1001362c     libcmt:syserr.obj
 0002:00000648       ??_C@_0BI@IIAE@Operation?5not?5permitted?$AA@ 10013648     libcmt:syserr.obj
 0002:00000660       ??_C@_08KKBH@No?5error?$AA@ 10013660     libcmt:syserr.obj
 0002:0000066c       ??_C@_01A@?$AA?$AA@        1001366c     libcmt:aw_str.obj
 0002:00000670       ??_C@_13A@?$AA?$AA?$AA?$AA@ 10013670     libcmt:aw_str.obj
 0002:00000678       ___dnames                  10013678     libcmt:timeset.obj
 0002:00000690       ___mnames                  10013690     libcmt:timeset.obj
 0002:000006b8       ??_C@_02JHIA@TZ?$AA@       100136b8     libcmt:tzset.obj
 0002:000006bc       ??_C@_0P@GGKG@runtime?5error?5?$AA@ 100136bc     libcmt:crt0msg.obj
 0002:000006cc       ??_C@_0O@DELO@TLOSS?5error?$AN?6?$AA@ 100136cc     libcmt:crt0msg.obj
 0002:000006dc       ??_C@_0N@OMLL@SING?5error?$AN?6?$AA@ 100136dc     libcmt:crt0msg.obj
 0002:000006ec       ??_C@_0P@OJAK@DOMAIN?5error?$AN?6?$AA@ 100136ec     libcmt:crt0msg.obj
 0002:000006fc       ??_C@_0CF@EANP@R6028?$AN?6?9?5unable?5to?5initialize?5he@ 100136fc     libcmt:crt0msg.obj
 0002:00000724       ??_C@_0DF@ECGN@R6027?$AN?6?9?5not?5enough?5space?5for?5lo@ 10013724     libcmt:crt0msg.obj
 0002:0000075c       ??_C@_0DF@FKAC@R6026?$AN?6?9?5not?5enough?5space?5for?5st@ 1001375c     libcmt:crt0msg.obj
 0002:00000794       ??_C@_0CG@DPMN@R6025?$AN?6?9?5pure?5virtual?5function?5c@ 10013794     libcmt:crt0msg.obj
 0002:000007bc       ??_C@_0DF@CKIP@R6024?$AN?6?9?5not?5enough?5space?5for?5_o@ 100137bc     libcmt:crt0msg.obj
 0002:000007f4       ??_C@_0CJ@GGOE@R6019?$AN?6?9?5unable?5to?5open?5console?5@ 100137f4     libcmt:crt0msg.obj
 0002:00000820       ??_C@_0CB@LBOB@R6018?$AN?6?9?5unexpected?5heap?5error?$AN?6@ 10013820     libcmt:crt0msg.obj
 0002:00000844       ??_C@_0CN@FPEG@R6017?$AN?6?9?5unexpected?5multithread?5@ 10013844     libcmt:crt0msg.obj
 0002:00000874       ??_C@_0CM@OBIC@R6016?$AN?6?9?5not?5enough?5space?5for?5th@ 10013874     libcmt:crt0msg.obj
 0002:000008a0       ??_C@_0CB@HPAL@?$AN?6abnormal?5program?5termination?$AN?6@ 100138a0     libcmt:crt0msg.obj
 0002:000008c4       ??_C@_0CM@JOOB@R6009?$AN?6?9?5not?5enough?5space?5for?5en@ 100138c4     libcmt:crt0msg.obj
 0002:000008f0       ??_C@_0CK@OIBL@R6008?$AN?6?9?5not?5enough?5space?5for?5ar@ 100138f0     libcmt:crt0msg.obj
 0002:0000091c       ??_C@_0CF@LKPB@R6002?$AN?6?9?5floating?5point?5not?5load@ 1001391c     libcmt:crt0msg.obj
 0002:00000944       ??_C@_0CF@JPDF@Microsoft?5Visual?5C?$CL?$CL?5Runtime?5Lib@ 10013944     libcmt:crt0msg.obj
 0002:0000096c       ??_C@_02JJJH@?6?6?$AA@     1001396c     libcmt:crt0msg.obj
 0002:00000970       ??_C@_0BK@DEOK@Runtime?5Error?$CB?6?6Program?3?5?$AA@ 10013970     libcmt:crt0msg.obj
 0002:0000098c       ??_C@_03NAME@?4?4?4?$AA@   1001398c     libcmt:crt0msg.obj
 0002:00000990       ??_C@_0BH@NNCD@?$DMprogram?5name?5unknown?$DO?$AA@ 10013990     libcmt:crt0msg.obj
 0002:000009a8       ??_C@_0BD@NJFP@GetLastActivePopup?$AA@ 100139a8     libcmt:crtmbox.obj
 0002:000009bc       ??_C@_0BA@GILI@GetActiveWindow?$AA@ 100139bc     libcmt:crtmbox.obj
 0002:000009cc       ??_C@_0M@PKCK@MessageBoxA?$AA@ 100139cc     libcmt:crtmbox.obj
 0002:000009d8       ??_C@_0L@HKL@user32?4dll?$AA@ 100139d8     libcmt:crtmbox.obj
 0002:000009e4       ??_C@_07PCLE@LC_TIME?$AA@  100139e4     libcmt:setlocal.obj
 0002:000009ec       ??_C@_0L@NKG@LC_NUMERIC?$AA@ 100139ec     libcmt:setlocal.obj
 0002:000009f8       ??_C@_0M@CBIH@LC_MONETARY?$AA@ 100139f8     libcmt:setlocal.obj
 0002:00000a04       ??_C@_08LFGE@LC_CTYPE?$AA@ 10013a04     libcmt:setlocal.obj
 0002:00000a10       ??_C@_0L@CFLC@LC_COLLATE?$AA@ 10013a10     libcmt:setlocal.obj
 0002:00000a1c       ??_C@_06GCPK@LC_ALL?$AA@   10013a1c     libcmt:setlocal.obj
 0002:00000a24       ??_C@_01PJCK@?4?$AA@       10013a24     libcmt:setlocal.obj
 0002:00000a28       ??_C@_08OBJD@Paraguay?$AA@ 10013a28     libcmt:getqloc.obj
 0002:00000a34       ??_C@_07GLKH@Uruguay?$AA@  10013a34     libcmt:getqloc.obj
 0002:00000a3c       ??_C@_05FPFC@Chile?$AA@    10013a3c     libcmt:getqloc.obj
 0002:00000a44       ??_C@_07IIGF@Ecuador?$AA@  10013a44     libcmt:getqloc.obj
 0002:00000a4c       ??_C@_09PKAL@Argentina?$AA@ 10013a4c     libcmt:getqloc.obj
 0002:00000a58       ??_C@_04LKAH@Peru?$AA@     10013a58     libcmt:getqloc.obj
 0002:00000a60       ??_C@_08NEEM@Colombia?$AA@ 10013a60     libcmt:getqloc.obj
 0002:00000a6c       ??_C@_09ODEB@Venezuela?$AA@ 10013a6c     libcmt:getqloc.obj
 0002:00000a78       ??_C@_0BD@CLEL@Dominican?5Republic?$AA@ 10013a78     libcmt:getqloc.obj
 0002:00000a8c       ??_C@_0N@MDGL@South?5Africa?$AA@ 10013a8c     libcmt:getqloc.obj
 0002:00000a9c       ??_C@_06NKBG@Panama?$AA@   10013a9c     libcmt:getqloc.obj
 0002:00000aa4       ??_C@_0L@BMHO@Luxembourg?$AA@ 10013aa4     libcmt:getqloc.obj
 0002:00000ab0       ??_C@_0L@IMDK@Costa?5Rica?$AA@ 10013ab0     libcmt:getqloc.obj
 0002:00000abc       ??_C@_0M@BLJF@Switzerland?$AA@ 10013abc     libcmt:getqloc.obj
 0002:00000ac8       ??_C@_09KBOL@Guatemala?$AA@ 10013ac8     libcmt:getqloc.obj
 0002:00000ad4       ??_C@_06JNAK@Canada?$AA@   10013ad4     libcmt:getqloc.obj
 0002:00000adc       ??_C@_0BG@OLLP@Spanish?5?9?5Modern?5Sort?$AA@ 10013adc     libcmt:getqloc.obj
 0002:00000af4       ??_C@_09IDKE@Australia?$AA@ 10013af4     libcmt:getqloc.obj
 0002:00000b00       ??_C@_07JJJJ@English?$AA@  10013b00     libcmt:getqloc.obj
 0002:00000b08       ??_C@_07NMDO@Austria?$AA@  10013b08     libcmt:getqloc.obj
 0002:00000b10       ??_C@_06DEFE@German?$AA@   10013b10     libcmt:getqloc.obj
 0002:00000b18       ??_C@_07JAIH@Belgium?$AA@  10013b18     libcmt:getqloc.obj
 0002:00000b20       ??_C@_06BNLJ@Mexico?$AA@   10013b20     libcmt:getqloc.obj
 0002:00000b28       ??_C@_07JHAG@Spanish?$AA@  10013b28     libcmt:getqloc.obj
 0002:00000b30       ??_C@_06DADE@Basque?$AA@   10013b30     libcmt:getqloc.obj
 0002:00000b38       ??_C@_06ENFP@Sweden?$AA@   10013b38     libcmt:getqloc.obj
 0002:00000b40       ??_C@_07JPMH@Swedish?$AA@  10013b40     libcmt:getqloc.obj
 0002:00000b48       ??_C@_07IEKF@Iceland?$AA@  10013b48     libcmt:getqloc.obj
 0002:00000b50       ??_C@_09KNEA@Icelandic?$AA@ 10013b50     libcmt:getqloc.obj
 0002:00000b5c       ??_C@_06IJOD@France?$AA@   10013b5c     libcmt:getqloc.obj
 0002:00000b64       ??_C@_06EINI@French?$AA@   10013b64     libcmt:getqloc.obj
 0002:00000b6c       ??_C@_07FOOE@Finland?$AA@  10013b6c     libcmt:getqloc.obj
 0002:00000b74       ??_C@_07OJOM@Finnish?$AA@  10013b74     libcmt:getqloc.obj
 0002:00000b7c       ??_C@_05FFAC@Spain?$AA@    10013b7c     libcmt:getqloc.obj
 0002:00000b84       ??_C@_0BL@BIHM@Spanish?5?9?5Traditional?5Sort?$AA@ 10013b84     libcmt:getqloc.obj
 0002:00000ba0       ??_C@_0O@GLHB@united?9states?$AA@ 10013ba0     libcmt:getqloc.obj
 0002:00000bb0       ??_C@_0P@IIKK@united?9kingdom?$AA@ 10013bb0     libcmt:getqloc.obj
 0002:00000bc0       ??_C@_0BC@FHBO@trinidad?5?$CG?5tobago?$AA@ 10013bc0     libcmt:getqloc.obj
 0002:00000bd4       ??_C@_0M@BDFM@south?9korea?$AA@ 10013bd4     libcmt:getqloc.obj
 0002:00000be0       ??_C@_0N@CKFA@south?9africa?$AA@ 10013be0     libcmt:getqloc.obj
 0002:00000bf0       ??_C@_0M@HNHN@south?5korea?$AA@ 10013bf0     libcmt:getqloc.obj
 0002:00000bfc       ??_C@_0N@MKDO@south?5africa?$AA@ 10013bfc     libcmt:getqloc.obj
 0002:00000c0c       ??_C@_06KFFJ@slovak?$AA@   10013c0c     libcmt:getqloc.obj
 0002:00000c14       ??_C@_0M@NMAC@puerto?9rico?$AA@ 10013c14     libcmt:getqloc.obj
 0002:00000c20       ??_C@_08EJOH@pr?9china?$AA@ 10013c20     libcmt:getqloc.obj
 0002:00000c2c       ??_C@_08CHMG@pr?5china?$AA@ 10013c2c     libcmt:getqloc.obj
 0002:00000c38       ??_C@_02OCJK@nz?$AA@       10013c38     libcmt:getqloc.obj
 0002:00000c3c       ??_C@_0M@MMKA@new?9zealand?$AA@ 10013c3c     libcmt:getqloc.obj
 0002:00000c48       ??_C@_09MGEH@hong?9kong?$AA@ 10013c48     libcmt:getqloc.obj
 0002:00000c54       ??_C@_07CCAK@holland?$AA@  10013c54     libcmt:getqloc.obj
 0002:00000c5c       ??_C@_0O@MEPL@great?5britain?$AA@ 10013c5c     libcmt:getqloc.obj
 0002:00000c6c       ??_C@_07LGIB@england?$AA@  10013c6c     libcmt:getqloc.obj
 0002:00000c74       ??_C@_05BMOA@czech?$AA@    10013c74     libcmt:getqloc.obj
 0002:00000c7c       ??_C@_05NMPB@china?$AA@    10013c7c     libcmt:getqloc.obj
 0002:00000c84       ??_C@_07GN@britain?$AA@    10013c84     libcmt:getqloc.obj
 0002:00000c8c       ??_C@_07DLAK@america?$AA@  10013c8c     libcmt:getqloc.obj
 0002:00000c94       ??_C@_03IPEP@usa?$AA@      10013c94     libcmt:getqloc.obj
 0002:00000c98       ??_C@_02PILH@us?$AA@       10013c98     libcmt:getqloc.obj
 0002:00000c9c       ??_C@_02FHP@uk?$AA@        10013c9c     libcmt:getqloc.obj
 0002:00000ca0       ??_C@_05DEAI@swiss?$AA@    10013ca0     libcmt:getqloc.obj
 0002:00000ca8       ??_C@_0BA@LIAF@swedish?9finland?$AA@ 10013ca8     libcmt:getqloc.obj
 0002:00000cb8       ??_C@_0BC@FMEG@spanish?9venezuela?$AA@ 10013cb8     libcmt:getqloc.obj
 0002:00000ccc       ??_C@_0BA@BNMG@spanish?9uruguay?$AA@ 10013ccc     libcmt:getqloc.obj
 0002:00000cdc       ??_C@_0BE@BKDJ@spanish?9puerto?5rico?$AA@ 10013cdc     libcmt:getqloc.obj
 0002:00000cf0       ??_C@_0N@JIBL@spanish?9peru?$AA@ 10013cf0     libcmt:getqloc.obj
 0002:00000d00       ??_C@_0BB@OGOF@spanish?9paraguay?$AA@ 10013d00     libcmt:getqloc.obj
 0002:00000d14       ??_C@_0P@LLFA@spanish?9panama?$AA@ 10013d14     libcmt:getqloc.obj
 0002:00000d24       ??_C@_0BC@BBJM@spanish?9nicaragua?$AA@ 10013d24     libcmt:getqloc.obj
 0002:00000d38       ??_C@_0P@NJBN@spanish?9modern?$AA@ 10013d38     libcmt:getqloc.obj
 0002:00000d48       ??_C@_0BA@NHDN@spanish?9mexican?$AA@ 10013d48     libcmt:getqloc.obj
 0002:00000d58       ??_C@_0BB@JHOJ@spanish?9honduras?$AA@ 10013d58     libcmt:getqloc.obj
 0002:00000d6c       ??_C@_0BC@BOOM@spanish?9guatemala?$AA@ 10013d6c     libcmt:getqloc.obj
 0002:00000d80       ??_C@_0BE@EELI@spanish?9el?5salvador?$AA@ 10013d80     libcmt:getqloc.obj
 0002:00000d94       ??_C@_0BA@POAE@spanish?9ecuador?$AA@ 10013d94     libcmt:getqloc.obj
 0002:00000da4       ??_C@_0BL@LDKN@spanish?9dominican?5republic?$AA@ 10013da4     libcmt:getqloc.obj
 0002:00000dc0       ??_C@_0BD@HPMH@spanish?9costa?5rica?$AA@ 10013dc0     libcmt:getqloc.obj
 0002:00000dd4       ??_C@_0BB@NDDK@spanish?9colombia?$AA@ 10013dd4     libcmt:getqloc.obj
 0002:00000de8       ??_C@_0O@BJHA@spanish?9chile?$AA@ 10013de8     libcmt:getqloc.obj
 0002:00000df8       ??_C@_0BA@OBNG@spanish?9bolivia?$AA@ 10013df8     libcmt:getqloc.obj
 0002:00000e08       ??_C@_0BC@EFAM@spanish?9argentina?$AA@ 10013e08     libcmt:getqloc.obj
 0002:00000e1c       ??_C@_0BF@KMMM@portuguese?9brazilian?$AA@ 10013e1c     libcmt:getqloc.obj
 0002:00000e34       ??_C@_0BC@BAAE@norwegian?9nynorsk?$AA@ 10013e34     libcmt:getqloc.obj
 0002:00000e48       ??_C@_0BB@PBHK@norwegian?9bokmal?$AA@ 10013e48     libcmt:getqloc.obj
 0002:00000e5c       ??_C@_09EHKL@norwegian?$AA@ 10013e5c     libcmt:getqloc.obj
 0002:00000e68       ??_C@_0O@BEAN@italian?9swiss?$AA@ 10013e68     libcmt:getqloc.obj
 0002:00000e78       ??_C@_0O@OIFK@irish?9english?$AA@ 10013e78     libcmt:getqloc.obj
 0002:00000e88       ??_C@_0N@NBPL@german?9swiss?$AA@ 10013e88     libcmt:getqloc.obj
 0002:00000e98       ??_C@_0BC@ICFJ@german?9luxembourg?$AA@ 10013e98     libcmt:getqloc.obj
 0002:00000eac       ??_C@_0BE@GGPC@german?9lichtenstein?$AA@ 10013eac     libcmt:getqloc.obj
 0002:00000ec0       ??_C@_0BA@MKDC@german?9austrian?$AA@ 10013ec0     libcmt:getqloc.obj
 0002:00000ed0       ??_C@_0N@ODNB@french?9swiss?$AA@ 10013ed0     libcmt:getqloc.obj
 0002:00000ee0       ??_C@_0BC@MGCM@french?9luxembourg?$AA@ 10013ee0     libcmt:getqloc.obj
 0002:00000ef4       ??_C@_0BA@NABK@french?9canadian?$AA@ 10013ef4     libcmt:getqloc.obj
 0002:00000f04       ??_C@_0P@CJNO@french?9belgian?$AA@ 10013f04     libcmt:getqloc.obj
 0002:00000f14       ??_C@_0M@LJOL@english?9usa?$AA@ 10013f14     libcmt:getqloc.obj
 0002:00000f20       ??_C@_0L@FMNC@english?9us?$AA@ 10013f20     libcmt:getqloc.obj
 0002:00000f2c       ??_C@_0L@KBBK@english?9uk?$AA@ 10013f2c     libcmt:getqloc.obj
 0002:00000f38       ??_C@_0BK@NDDE@english?9trinidad?5y?5tobago?$AA@ 10013f38     libcmt:getqloc.obj
 0002:00000f54       ??_C@_0BF@LKML@english?9south?5africa?$AA@ 10013f54     libcmt:getqloc.obj
 0002:00000f6c       ??_C@_0L@EGPP@english?9nz?$AA@ 10013f6c     libcmt:getqloc.obj
 0002:00000f78       ??_C@_0BA@HLH@english?9jamaica?$AA@ 10013f78     libcmt:getqloc.obj
 0002:00000f88       ??_C@_0M@PMJI@english?9ire?$AA@ 10013f88     libcmt:getqloc.obj
 0002:00000f94       ??_C@_0BC@HINE@english?9caribbean?$AA@ 10013f94     libcmt:getqloc.obj
 0002:00000fa8       ??_C@_0M@DCFH@english?9can?$AA@ 10013fa8     libcmt:getqloc.obj
 0002:00000fb4       ??_C@_0P@DGHK@english?9belize?$AA@ 10013fb4     libcmt:getqloc.obj
 0002:00000fc4       ??_C@_0M@FLHK@english?9aus?$AA@ 10013fc4     libcmt:getqloc.obj
 0002:00000fd0       ??_C@_0BB@HNCK@english?9american?$AA@ 10013fd0     libcmt:getqloc.obj
 0002:00000fe4       ??_C@_0O@PAMI@dutch?9belgian?$AA@ 10013fe4     libcmt:getqloc.obj
 0002:00000ff4       ??_C@_0BE@FPEJ@chinese?9traditional?$AA@ 10013ff4     libcmt:getqloc.obj
 0002:00001008       ??_C@_0BC@CHFL@chinese?9singapore?$AA@ 10014008     libcmt:getqloc.obj
 0002:0000101c       ??_C@_0BD@DCMH@chinese?9simplified?$AA@ 1001401c     libcmt:getqloc.obj
 0002:00001030       ??_C@_0BB@JMOE@chinese?9hongkong?$AA@ 10014030     libcmt:getqloc.obj
 0002:00001044       ??_C@_07NGFN@chinese?$AA@  10014044     libcmt:getqloc.obj
 0002:0000104c       ??_C@_03PCOI@chi?$AA@      1001404c     libcmt:getqloc.obj
 0002:00001050       ??_C@_03FIHP@chh?$AA@      10014050     libcmt:getqloc.obj
 0002:00001054       ??_C@_08HFLO@canadian?$AA@ 10014054     libcmt:getqloc.obj
 0002:00001060       ??_C@_07INIJ@belgian?$AA@  10014060     libcmt:getqloc.obj
 0002:00001068       ??_C@_0L@LCCA@australian?$AA@ 10014068     libcmt:getqloc.obj
 0002:00001074       ??_C@_0BB@BJIO@american?9english?$AA@ 10014074     libcmt:getqloc.obj
 0002:00001088       ??_C@_0BB@DAGO@american?5english?$AA@ 10014088     libcmt:getqloc.obj
 0002:0000109c       ??_C@_08HENB@american?$AA@ 1001409c     libcmt:getqloc.obj
 0002:000010a8       ??_C@_07CJME@H?3mm?3ss?$AA@ 100140a8     libcmt:strftime.obj
 0002:000010b0       ??_C@_0BE@MHI@dddd?0?5MMMM?5dd?0?5yyyy?$AA@ 100140b0     libcmt:strftime.obj
 0002:000010c4       ??_C@_06HCAD@M?1d?1yy?$AA@ 100140c4     libcmt:strftime.obj
 0002:000010cc       ??_C@_02DBLP@PM?$AA@       100140cc     libcmt:strftime.obj
 0002:000010d0       ??_C@_02ENLM@AM?$AA@       100140d0     libcmt:strftime.obj
 0002:000010d4       ??_C@_08LIDF@December?$AA@ 100140d4     libcmt:strftime.obj
 0002:000010e0       ??_C@_08NJLI@November?$AA@ 100140e0     libcmt:strftime.obj
 0002:000010ec       ??_C@_07IAMM@October?$AA@  100140ec     libcmt:strftime.obj
 0002:000010f4       ??_C@_09MKGD@September?$AA@ 100140f4     libcmt:strftime.obj
 0002:00001100       ??_C@_06PADP@August?$AA@   10014100     libcmt:strftime.obj
 0002:00001108       ??_C@_04PIJO@July?$AA@     10014108     libcmt:strftime.obj
 0002:00001110       ??_C@_04ICFP@June?$AA@     10014110     libcmt:strftime.obj
 0002:00001118       ??_C@_05JFGC@April?$AA@    10014118     libcmt:strftime.obj
 0002:00001120       ??_C@_05FGPD@March?$AA@    10014120     libcmt:strftime.obj
 0002:00001128       ??_C@_08PGBA@February?$AA@ 10014128     libcmt:strftime.obj
 0002:00001134       ??_C@_07BPKJ@January?$AA@  10014134     libcmt:strftime.obj
 0002:0000113c       ??_C@_03PGJO@Dec?$AA@      1001413c     libcmt:strftime.obj
 0002:00001140       ??_C@_03PDLM@Nov?$AA@      10014140     libcmt:strftime.obj
 0002:00001144       ??_C@_03BLHK@Oct?$AA@      10014144     libcmt:strftime.obj
 0002:00001148       ??_C@_03DPFM@Sep?$AA@      10014148     libcmt:strftime.obj
 0002:0000114c       ??_C@_03CMCH@Aug?$AA@      1001414c     libcmt:strftime.obj
 0002:00001150       ??_C@_03OBKI@Jul?$AA@      10014150     libcmt:strftime.obj
 0002:00001154       ??_C@_03LEIG@Jun?$AA@      10014154     libcmt:strftime.obj
 0002:00001158       ??_C@_03MGHB@May?$AA@      10014158     libcmt:strftime.obj
 0002:0000115c       ??_C@_03MJJM@Apr?$AA@      1001415c     libcmt:strftime.obj
 0002:00001160       ??_C@_03GNHA@Mar?$AA@      10014160     libcmt:strftime.obj
 0002:00001164       ??_C@_03PICE@Feb?$AA@      10014164     libcmt:strftime.obj
 0002:00001168       ??_C@_03IEIF@Jan?$AA@      10014168     libcmt:strftime.obj
 0002:0000116c       ??_C@_08FAKH@Saturday?$AA@ 1001416c     libcmt:strftime.obj
 0002:00001178       ??_C@_06ONCK@Friday?$AA@   10014178     libcmt:strftime.obj
 0002:00001180       ??_C@_08CCFO@Thursday?$AA@ 10014180     libcmt:strftime.obj
 0002:0000118c       ??_C@_09PBIN@Wednesday?$AA@ 1001418c     libcmt:strftime.obj
 0002:00001198       ??_C@_07BMBC@Tuesday?$AA@  10014198     libcmt:strftime.obj
 0002:000011a0       ??_C@_06CHLK@Monday?$AA@   100141a0     libcmt:strftime.obj
 0002:000011a8       ??_C@_06OOEM@Sunday?$AA@   100141a8     libcmt:strftime.obj
 0002:000011b0       ??_C@_03MPKK@Sat?$AA@      100141b0     libcmt:strftime.obj
 0002:000011b4       ??_C@_03FINJ@Fri?$AA@      100141b4     libcmt:strftime.obj
 0002:000011b8       ??_C@_03HIKC@Thu?$AA@      100141b8     libcmt:strftime.obj
 0002:000011bc       ??_C@_03HECK@Wed?$AA@      100141bc     libcmt:strftime.obj
 0002:000011c0       ??_C@_03ECCP@Tue?$AA@      100141c0     libcmt:strftime.obj
 0002:000011c4       ??_C@_03PIEP@Mon?$AA@      100141c4     libcmt:strftime.obj
 0002:000011c8       ??_C@_03FHEP@Sun?$AA@      100141c8     libcmt:strftime.obj
 0002:000011cc       __IMPORT_DESCRIPTOR_KERNEL32 100141cc     kernel32:KERNEL32.dll
 0002:000011e0       __IMPORT_DESCRIPTOR_USER32 100141e0     user32:USER32.dll
 0002:000011f4       __IMPORT_DESCRIPTOR_GDI32  100141f4     gdi32:GDI32.dll
 0002:00001208       __IMPORT_DESCRIPTOR_SHELL32 10014208     shell32:SHELL32.dll
 0002:0000121c       __IMPORT_DESCRIPTOR_BACPRIM32 1001421c     bacprim32:BACPRIM32.dll
 0002:00001230       __IMPORT_DESCRIPTOR_PTP    10014230     ptp:PTP.dll
 0002:00001244       __IMPORT_DESCRIPTOR_MSTP   10014244     mstp:MSTP.dll
 0002:00001258       __NULL_IMPORT_DESCRIPTOR   10014258     kernel32:KERNEL32.dll
 0003:00000000       ___xc_a                    10016000     libcmt:crt0init.obj
 0003:00000004       ___xc_z                    10016004     libcmt:crt0init.obj
 0003:00000008       ___xi_a                    10016008     libcmt:crt0init.obj
 0003:00000010       ___xi_z                    10016010     libcmt:crt0init.obj
 0003:00000014       ___xp_a                    10016014     libcmt:crt0init.obj
 0003:0000001c       ___xp_z                    1001601c     libcmt:crt0init.obj
 0003:00000020       ___xt_a                    10016020     libcmt:crt0init.obj
 0003:00000024       ___xt_z                    10016024     libcmt:crt0init.obj
 0003:00000030       _NLMessages                10016030     Nalserv95.obj
 0003:00000064       ??_C@_02JOHD@No?$AA@       10016064     Nalserv95.obj
 0003:00000068       ??_C@_03PEHN@Yes?$AA@      10016068     Nalserv95.obj
 0003:0000006c       ??_C@_0CB@JCDP@Disconnect?9Connection?9To?9Network@ 1001606c     Nalserv95.obj
 0003:00000090       ??_C@_0CA@EIEO@Establish?9Connection?9To?9Network?$AA@ 10016090     Nalserv95.obj
 0003:000000b0       ??_C@_0BN@JKCK@Initialize?9Routing?9Table?9Ack?$AA@ 100160b0     Nalserv95.obj
 0003:000000d0       ??_C@_0BJ@BDDP@Initialize?9Routing?9Table?$AA@ 100160d0     Nalserv95.obj
 0003:000000ec       ??_C@_0BM@HMEH@Router?9Available?9To?9Network?$AA@ 100160ec     Nalserv95.obj
 0003:00000108       ??_C@_0BH@HACI@Router?9Busy?9To?9Network?$AA@ 10016108     Nalserv95.obj
 0003:00000120       ??_C@_0BK@KJGB@Reject?9Message?9To?9Network?$AA@ 10016120     Nalserv95.obj
 0003:0000013c       ??_C@_0BN@LEBJ@I?9Could?9Be?9Router?9To?9Network?$AA@ 1001613c     Nalserv95.obj
 0003:0000015c       ??_C@_0BH@CMAC@I?9Am?9Router?9To?9Network?$AA@ 1001615c     Nalserv95.obj
 0003:00000174       ??_C@_0BJ@FCFF@Who?9Is?9Router?9To?9Network?$AA@ 10016174     Nalserv95.obj
 0003:00000190       ??_C@_08HFDN@GREENLED?$AA@ 10016190     Nalserv95.obj
 0003:0000019c       ??_C@_06EFBO@REDLED?$AA@   1001619c     Nalserv95.obj
 0003:000001a4       ??_C@_09GEAE@NALSERV95?$AA@ 100161a4     Nalserv95.obj
 0003:000001b0       ??_C@_08KDFA@MainMenu?$AA@ 100161b0     Nalserv95.obj
 0003:000001bc       ??_C@_08FBFF@NALSICON?$AA@ 100161bc     Nalserv95.obj
 0003:000001c8       ??_C@_0BI@LHJE@NPDU?5Transmit?5Failed?3?$CFd?$AA@ 100161c8     Nalserv95.obj
 0003:000001e0       ??_C@_0L@EPBB@NALSConfig?$AA@ 100161e0     Nalserv95.obj
 0003:000001ec       ??_C@_0CB@MHLL@?$CF?42X?$CF?42X?$CF?42X?$CF?42X?$CF?42X?$CF?42X?$CF?42X?$CF?42X@ 100161ec     Nalserv95.obj
 0003:00000210       ??_C@_09PAOC@NALSAbout?$AA@ 10016210     Nalserv95.obj
 0003:0000021c       ??_C@_0L@BNFJ@?5Restarted?$AA@ 1001621c     Nalserv95.obj
 0003:00000228       ??_C@_0BP@GKIP@NOMA?$DN?$CFlu?5?5MAUSED?$DN?$CFu?5MAXUSED?$DN?$CFu?$AA@ 10016228     Nalserv95.obj
 0003:00000248       ??_C@_0CC@GAGD@MAC?5TX?$DN?$CFlu?5RX?$DN?$CFlu?5TO?$DN?$CFlu?5ERROR?$DN?$CF@ 10016248     Nalserv95.obj
 0003:0000026c       ??_C@_0FD@KPDI@?9?9?9?9?9?9?9?9?9?9?9?9?9?9?9?9?9?9?9?9?9?9?9?9?9?9?9?9?9?9?9?9@ 1001626c     Nalserv95.obj
 0003:000002c0       ??_C@_0BN@BIPB@Unknown?5NL?5Message?5Type?5?$CI?$CFu?$CJ?$AA@ 100162c0     Nalserv95.obj
 0003:000002e0       ??_C@_0CF@PPOB@Vendor?$FL?$CFu?$FN?5Proprietary?5NL?5Messag@ 100162e0     Nalserv95.obj
 0003:00000308       ??_C@_0N@INLA@?5?$CFu?0?5time?3?$CFu?$AA@ 10016308     Nalserv95.obj
 0003:00000318       ??_C@_05OKED@?5?$CF?42X?$AA@ 10016318     Nalserv95.obj
 0003:00000320       ??_C@_0BG@GHKI@DNET?3?$CFu?0?5ID?3?$CFu?0?5Info?3?$AA@ 10016320     Nalserv95.obj
 0003:00000338       ??_C@_0L@MANP@?0?5ports?3?$CFu?$AA@ 10016338     Nalserv95.obj
 0003:00000344       ??_C@_0P@CMIC@?5?$CFu?0?5reason?3?$CFu?$AA@ 10016344     Nalserv95.obj
 0003:00000354       ??_C@_0N@MABE@?5?$CFu?0?5perf?3?$CFu?$AA@ 10016354     Nalserv95.obj
 0003:00000364       ??_C@_02MHMJ@?$CFu?$AA@    10016364     Nalserv95.obj
 0003:00000368       ??_C@_03IFBM@?5?$CFu?$AA@  10016368     Nalserv95.obj
 0003:0000036c       ??_C@_0BB@CHFI@Pri?3?$CFu?0?5Reply?3?$CFs?$AA@ 1001636c     Nalserv95.obj
 0003:00000380       ??_C@_06DMMG@HOP?3?$CFu?$AA@ 10016380     Nalserv95.obj
 0003:00000388       ??_C@_0N@LIF@SNET?3?$CFu?0?5SA?3?$AA@ 10016388     Nalserv95.obj
 0003:00000398       ??_C@_0L@DDHD@broadcast?5?$AA@ 10016398     Nalserv95.obj
 0003:000003a4       ??_C@_05JLAO@?$CF?42X?5?$AA@ 100163a4     Nalserv95.obj
 0003:000003ac       ??_C@_0N@ELLD@DNET?3?$CFu?0?5DA?3?$AA@ 100163ac     Nalserv95.obj
 0003:000003bc       ??_C@_0BF@EBBG@DNET?3?5broadcast?0?5DA?3?$AA@ 100163bc     Nalserv95.obj
 0003:000003d4       ??_C@_03EDCA@?5S?3?$AA@    100163d4     Nalserv95.obj
 0003:000003d8       ??_C@_04OOOJ@?$CF?42X?$AA@ 100163d8     Nalserv95.obj
 0003:000003e0       ??_C@_0BE@DLJH@?$FL?$CD?$CFlu?5p?3?$CFu?5L?3?$CFu?$FN?5D?3?$AA@ 100163e0     Nalserv95.obj
 0003:000003f4       ??_C@_0BK@KOFD@?$FL?$CD?$CFlu?5p?3?$CFu?$CIMSTP?$CJ?5L?3?$CFu?$FN?5D?3?$AA@ 100163f4     Nalserv95.obj
 0003:00000410       ??_C@_0BJ@JMGH@?$FL?$CD?$CFlu?5p?3?$CFu?$CIPTP?$CJ?5L?3?$CFu?$FN?5D?3?$AA@ 10016410     Nalserv95.obj
 0003:0000042c       ??_C@_0BI@BJPG@No?5NL?5Server?5Registered?$AA@ 1001642c     Nalserv95.obj
 0003:00000444       ??_C@_0BI@MNPM@No?5AL?5Server?5Registered?$AA@ 10016444     Nalserv95.obj
 0003:0000045c       ??_C@_0BO@NOHB@Can?8t?5get?5free?5space?5for?5NPDU?$AA@ 1001645c     Nalserv95.obj
 0003:0000047c       ??_C@_0BO@OFP@Can?8t?5get?5free?5space?5for?5APDU?$AA@ 1001647c     Nalserv95.obj
 0003:0000049c       ??_C@_0BE@EEHE@Unsupported?5Version?$AA@ 1001649c     Nalserv95.obj
 0003:000004b0       ??_C@_0P@FPFG@Invalid?5Length?$AA@ 100164b0     Nalserv95.obj
 0003:000004c0       ??_C@_0CJ@CHDK@Can?8t?5get?5free?5space?5for?5Transmi@ 100164c0     Nalserv95.obj
 0003:000004ec       ??_C@_0DB@JGHH@Can?8t?5find?5in?9progress?5server?5in@ 100164ec     Nalserv95.obj
 0003:00000520       ??_C@_0CE@BFIH@Can?8t?5get?5server?5invoke?5ID?5for?5N@ 10016520     Nalserv95.obj
 0003:00000544       ??_C@_0BF@FJPN@NPDU?$FL?$CFlu?$FN?5Ignored?3?$CFs?$AA@ 10016544     Nalserv95.obj
 0003:0000055c       ??_C@_05PIAO@?$CF?424s?$AA@ 1001655c     Nalserv95.obj
 0003:00000564       ??_C@_0O@BPNF@NALSERV32?4HLP?$AA@ 10016564     Nalserv95.obj
 0003:00000574       ??_C@_07DOPI@ptpsadr?$AA@  10016574     Nalserv95.obj
 0003:0000057c       ??_C@_07PFDP@ptpslen?$AA@  1001657c     Nalserv95.obj
 0003:00000584       ??_C@_07PJPE@ptpsnet?$AA@  10016584     Nalserv95.obj
 0003:0000058c       ??_C@_0M@OCNF@promiscuous?$AA@ 1001658c     Nalserv95.obj
 0003:00000598       ??_C@_07GMGJ@passive?$AA@  10016598     Nalserv95.obj
 0003:000005a0       ??_C@_0M@IKBM@segmentedtx?$AA@ 100165a0     Nalserv95.obj
 0003:000005ac       ??_C@_0M@PNOD@segmentedrx?$AA@ 100165ac     Nalserv95.obj
 0003:000005b8       ??_C@_0L@CPJM@windowsize?$AA@ 100165b8     Nalserv95.obj
 0003:000005c4       ??_C@_0N@GPCG@maxrxapdulen?$AA@ 100165c4     Nalserv95.obj
 0003:000005d4       ??_C@_0N@OCJG@maxtxapdulen?$AA@ 100165d4     Nalserv95.obj
 0003:000005e4       ??_C@_0O@BPFM@maxsizealapdu?$AA@ 100165e4     Nalserv95.obj
 0003:000005f4       ??_C@_0N@KBDK@bacnetnretry?$AA@ 100165f4     Nalserv95.obj
 0003:00000604       ??_C@_0L@NGFF@bacnettout?$AA@ 10016604     Nalserv95.obj
 0003:00000610       ??_C@_0L@BDLA@bacnettseg?$AA@ 10016610     Nalserv95.obj
 0003:0000061c       ??_C@_01PCFE@?2?$AA@       1001661c     Nalserv95.obj
 0003:00000620       ??_C@_07LNKC@nalsdir?$AA@  10016620     Nalserv95.obj
 0003:00000628       ??_C@_0BC@PCDB@timesynchinterval?$AA@ 10016628     Nalserv95.obj
 0003:0000063c       ??_C@_0BB@HKPC@whoisiaminterval?$AA@ 1001663c     Nalserv95.obj
 0003:00000650       ??_C@_07HKCD@usemstp?$AA@  10016650     Nalserv95.obj
 0003:00000658       ??_C@_06BDIH@useptp?$AA@   10016658     Nalserv95.obj
 0003:00000660       ??_C@_09EENM@inhibittx?$AA@ 10016660     Nalserv95.obj
 0003:0000066c       ??_C@_0P@FABN@minimizestatus?$AA@ 1001666c     Nalserv95.obj
 0003:0000067c       ??_C@_0M@ILMK@ourinstance?$AA@ 1001667c     Nalserv95.obj
 0003:00000688       ??_C@_0M@LPJE@ourvendorid?$AA@ 10016688     Nalserv95.obj
 0003:00000694       ??_C@_0O@MIDF@ourvendorname?$AA@ 10016694     Nalserv95.obj
 0003:000006a4       ??_C@_0M@NMCG@ourpeername?$AA@ 100166a4     Nalserv95.obj
 0003:000006b0       ??_C@_01KPOD@?$DN?$AA@     100166b0     Nalserv95.obj
 0003:000006b4       ??_C@_01BJG@?6?$AA@        100166b4     Nalserv95.obj
 0003:000006b8       ??_C@_01LHO@r?$AA@         100166b8     Nalserv95.obj
 0003:000006bc       ??_C@_0P@KFEK@?2NALSERV32?4INI?$AA@ 100166bc     Nalserv95.obj
 0003:000006cc       ??_C@_0P@MKFJ@?2NALSERV32?4PER?$AA@ 100166cc     Nalserv95.obj
 0003:000006dc       ??_C@_08GBLP@PTPsadr?$DN?$AA@ 100166dc     Nalserv95.obj
 0003:000006e8       ??_C@_0M@NFGO@PTPslen?$DN?$CFu?6?$AA@ 100166e8     Nalserv95.obj
 0003:000006f4       ??_C@_0M@MLHA@PTPsnet?$DN?$CFu?6?$AA@ 100166f4     Nalserv95.obj
 0003:00000700       ??_C@_0BA@MDDF@Promiscuous?$DN?$CFs?6?$AA@ 10016700     Nalserv95.obj
 0003:00000710       ??_C@_0M@IIIO@Passive?$DN?$CFs?6?$AA@ 10016710     Nalserv95.obj
 0003:0000071c       ??_C@_0BA@INGN@SegmentedTX?$DN?$CFs?6?$AA@ 1001671c     Nalserv95.obj
 0003:0000072c       ??_C@_0BA@PAKN@SegmentedRX?$DN?$CFs?6?$AA@ 1001672c     Nalserv95.obj
 0003:0000073c       ??_C@_0P@GBEC@WindowSize?$DN?$CFd?6?$AA@ 1001673c     Nalserv95.obj
 0003:0000074c       ??_C@_0BB@KAFC@MaxRXapduLen?$DN?$CFd?6?$AA@ 1001674c     Nalserv95.obj
 0003:00000760       ??_C@_0BB@EHDO@MaxTXapduLen?$DN?$CFd?6?$AA@ 10016760     Nalserv95.obj
 0003:00000774       ??_C@_0BC@PHCP@MaxSizeALapdu?$DN?$CFd?6?$AA@ 10016774     Nalserv95.obj
 0003:00000788       ??_C@_0BB@NHPO@BACnetNretry?$DN?$CFd?6?$AA@ 10016788     Nalserv95.obj
 0003:0000079c       ??_C@_0P@LFFN@BACnetTout?$DN?$CFd?6?$AA@ 1001679c     Nalserv95.obj
 0003:000007ac       ??_C@_0P@CKME@BACnetTseg?$DN?$CFd?6?$AA@ 100167ac     Nalserv95.obj
 0003:000007bc       ??_C@_0BG@DCEL@TimeSynchInterval?$DN?$CFd?6?$AA@ 100167bc     Nalserv95.obj
 0003:000007d4       ??_C@_0BF@DDKH@WhoIsIAmInterval?$DN?$CFd?6?$AA@ 100167d4     Nalserv95.obj
 0003:000007ec       ??_C@_0BA@MPNC@OurInstance?$DN?$CFd?6?$AA@ 100167ec     Nalserv95.obj
 0003:000007fc       ??_C@_0BA@ECNC@OurVendorID?$DN?$CFd?6?$AA@ 100167fc     Nalserv95.obj
 0003:0000080c       ??_C@_0BC@GGEH@OurVendorName?$DN?$CFs?6?$AA@ 1001680c     Nalserv95.obj
 0003:00000820       ??_C@_0BA@PGPG@OurPeername?$DN?$CFs?6?$AA@ 10016820     Nalserv95.obj
 0003:00000830       ??_C@_0M@FPGH@UseMSTP?$DN?$CFs?6?$AA@ 10016830     Nalserv95.obj
 0003:0000083c       ??_C@_0L@FCDF@UsePTP?$DN?$CFs?6?$AA@ 1001683c     Nalserv95.obj
 0003:00000848       ??_C@_0O@BKFI@InhibitTX?$DN?$CFs?6?$AA@ 10016848     Nalserv95.obj
 0003:00000858       ??_C@_0BD@NOAG@MinimizeStatus?$DN?$CFs?6?$AA@ 10016858     Nalserv95.obj
 0003:0000086c       ??_C@_0M@LOEN@nalsdir?$DN?$CFs?6?$AA@ 1001686c     Nalserv95.obj
 0003:00000878       ??_C@_0L@BBPJ@?$FLGeneral?$FN?6?$AA@ 10016878     Nalserv95.obj
 0003:00000884       ??_C@_01LLF@w?$AA@         10016884     Nalserv95.obj
 0003:00000888       ??_C@_0BP@GPNO@Logical?5Bound?5Adapter?$FL?$CFu?$FN?5?$DN?5?$CFs?$AA@ 10016888     Nalserv95.obj
 0003:000008a8       ??_C@_0L@FLNI@BACMAC95_0?$AA@ 100168a8     Nalserv95.obj
 0003:000008b4       ??_C@_0CF@IAEK@Listener?5thread?5terminated?5becau@ 100168b4     Nalserv95.obj
 0003:000008dc       ??_C@_02PIMC@?$AN?6?$AA@   100168dc     Nalserv95.obj
 0003:000008e0       ??_C@_04HBMH@000?5?$AA@    100168e0     Nalserv95.obj
 0003:00000a60       __pctype                   10016a60     libcmt:ctype.obj
 0003:00000a64       __pwctype                  10016a64     libcmt:ctype.obj
 0003:00000a68       __ctype                    10016a68     libcmt:ctype.obj
 0003:00000c6c       ___mb_cur_max              10016c6c     libcmt:nlsdata1.obj
 0003:00000c70       ___decimal_point           10016c70     libcmt:nlsdata1.obj
 0003:00000c74       ___decimal_point_length    10016c74     libcmt:nlsdata1.obj
 0003:00000c80       __aexit_rtn                10016c80     libcmt:dllcrt0.obj
 0003:00000c84       ___nullstring              10016c84     libcmt:output.obj
 0003:00000c88       ___wnullstring             10016c88     libcmt:output.obj
 0003:00000c90       __locktable                10016c90     libcmt:mlock.obj
 0003:00000d50       __sys_errlist              10016d50     libcmt:syserr.obj
 0003:00000e00       __sys_nerr                 10016e00     libcmt:syserr.obj
 0003:00000e04       ___tlsindex                10016e04     libcmt:tidtable.obj
 0003:00000e10       __timezone                 10016e10     libcmt:timeset.obj
 0003:00000e14       __daylight                 10016e14     libcmt:timeset.obj
 0003:00000e18       __dstbias                  10016e18     libcmt:timeset.obj
 0003:00000ea0       __tzname                   10016ea0     libcmt:timeset.obj
 0003:00000ec8       __XcptActTab               10016ec8     libcmt:winxfltr.obj
 0003:00000f40       __First_FPE_Indx           10016f40     libcmt:winxfltr.obj
 0003:00000f44       __Num_FPE                  10016f44     libcmt:winxfltr.obj
 0003:00000f48       __XcptActTabSize           10016f48     libcmt:winxfltr.obj
 0003:00000f4c       __XcptActTabCount          10016f4c     libcmt:winxfltr.obj
 0003:00000f50       __NLG_Destination          10016f50     libcmt:exsup.obj
 0003:00000f60       ___badioinfo               10016f60     libcmt:ioinit.obj
 0003:00001080       __amblksiz                 10017080     libcmt:heapinit.obj
 0003:00001118       __iob                      10017118     libcmt:_file.obj
 0003:00001398       __cfltcvt_tab              10017398     libcmt:cmiscdat.obj
 0003:000013b0       __lpdays                   100173b0     libcmt:days.obj
 0003:000013e8       __days                     100173e8     libcmt:days.obj
 0003:00001420       ___small_block_heap        10017420     libcmt:sbheap.obj
 0003:00003444       ___sbh_threshold           10019444     libcmt:sbheap.obj
 0003:00003d30       ___lc_time_c               10019d30     libcmt:strftime.obj
 0003:00003ddc       ___lc_time_curr            10019ddc     libcmt:strftime.obj
 0003:00003de0       ___lconv_static_decimal    10019de0     libcmt:lconv.obj
 0003:00003de8       ___lconv_c                 10019de8     libcmt:lconv.obj
 0003:00003e18       ___lconv                   10019e18     libcmt:lconv.obj
 0003:00003e94       __aenvptr                  10019e94     libcmt:dllcrt0.obj
 0003:00003e98       __wenvptr                  10019e98     libcmt:dllcrt0.obj
 0003:00003e9c       ___error_mode              10019e9c     libcmt:dllcrt0.obj
 0003:00003ea0       ___app_type                10019ea0     libcmt:dllcrt0.obj
 0003:00003f28       __stdbuf                   10019f28     libcmt:_sftbuf.obj
 0003:0000401c       __umaskval                 1001a01c     libcmt:crt0dat.obj
 0003:00004020       __osver                    1001a020     libcmt:crt0dat.obj
 0003:00004024       __winver                   1001a024     libcmt:crt0dat.obj
 0003:00004028       __winmajor                 1001a028     libcmt:crt0dat.obj
 0003:0000402c       __winminor                 1001a02c     libcmt:crt0dat.obj
 0003:00004030       ___argc                    1001a030     libcmt:crt0dat.obj
 0003:00004034       ___argv                    1001a034     libcmt:crt0dat.obj
 0003:00004038       ___wargv                   1001a038     libcmt:crt0dat.obj
 0003:0000403c       __environ                  1001a03c     libcmt:crt0dat.obj
 0003:00004040       ___initenv                 1001a040     libcmt:crt0dat.obj
 0003:00004044       __wenviron                 1001a044     libcmt:crt0dat.obj
 0003:00004048       ___winitenv                1001a048     libcmt:crt0dat.obj
 0003:0000404c       __pgmptr                   1001a04c     libcmt:crt0dat.obj
 0003:00004050       __wpgmptr                  1001a050     libcmt:crt0dat.obj
 0003:00004054       __exitflag                 1001a054     libcmt:crt0dat.obj
 0003:00004058       __C_Termination_Done       1001a058     libcmt:crt0dat.obj
 0003:0000405c       __C_Exit_Done              1001a05c     libcmt:crt0dat.obj
 0003:00004168       __mbctype                  1001a168     libcmt:mbctype.obj
 0003:00004270       __mbcasemap                1001a270     libcmt:mbctype.obj
 0003:00004370       ___mbcodepage              1001a370     libcmt:mbctype.obj
 0003:00004374       ___mblcid                  1001a374     libcmt:mbctype.obj
 0003:00004378       ___mbulinfo                1001a378     libcmt:mbctype.obj
 0003:00004390       __adbgmsg                  1001a390     libcmt:crt0msg.obj
 0003:00004394       __cflush                   1001a394     libcmt:_file.obj
 0003:0000439c       __newmode                  1001a39c     libcmt:_newmode.obj
 0003:000043a0       ?_pnhHeap@@3P6AHI@ZA       1001a3a0     libcmt:handler.obj
 0003:000043a4       __commode                  1001a3a4     libcmt:ncommode.obj
 0003:000043a8       ___lc_handle               1001a3a8     libcmt:nlsdata2.obj
 0003:000043c0       ___lc_codepage             1001a3c0     libcmt:nlsdata2.obj
 0003:000043e4       __fmode                    1001a3e4     libcmt:txtmode.obj
 0003:000043e8       ___lc_time_intl            1001a3e8     libcmt:inittime.obj
 0003:00004408       ___lc_id                   1001a408     libcmt:nlsdata3.obj
 0003:00004458       __alternate_form           1001a458     libcmt:strftime.obj
 0003:0000445c       __no_lead_zeros            1001a45c     libcmt:strftime.obj
 0003:00004468       ___lconv_static_null       1001a468     libcmt:lconv.obj
 0003:00004480       _OurPeername               1001a480     <common>
 0003:0000449c       ___setlc_active            1001a49c     <common>
 0003:000044a0       ___unguarded_readlc_active 1001a4a0     <common>
 0003:000044a4       ___piob                    1001a4a4     <common>
 0003:000044c0       __bufin                    1001a4c0     <common>
 0003:000054c0       __nstream                  1001b4c0     <common>
 0003:000054c4       __crtheap                  1001b4c4     <common>
 0003:000054c8       ___ismbcodepage            1001b4c8     <common>
 0003:000054e0       ___pioinfo                 1001b4e0     <common>
 0003:000055e0       __nhandle                  1001b5e0     <common>
 0003:000055e4       ___onexitend               1001b5e4     <common>
 0003:000055e8       ___onexitbegin             1001b5e8     <common>
 0003:000055ec       __FPinit                   1001b5ec     <common>
 0003:000055f0       __acmdln                   1001b5f0     <common>
 0003:000055f4       __pRawDllMain              1001b5f4     <common>
 0003:000055f8       __FPmtinit                 1001b5f8     <common>
 0003:000055fc       __FPmtterm                 1001b5fc     <common>
 0004:00000000       _hStatus                   1001c000     Nalserv95.obj
 0004:00000004       _hAbout                    1001c004     Nalserv95.obj
 0004:00000008       _hDLLInst                  1001c008     Nalserv95.obj
 0004:0000000c       _hRed                      1001c00c     Nalserv95.obj
 0004:00000010       _hGreen                    1001c010     Nalserv95.obj
 0004:00000014       _hIcon                     1001c014     Nalserv95.obj
 0004:00000018       _Minimized                 1001c018     Nalserv95.obj
 0004:0000001c       _InhibitTX                 1001c01c     Nalserv95.obj
 0004:00000020       _UsePTP                    1001c020     Nalserv95.obj
 0004:00000024       _ptpinitialized            1001c024     Nalserv95.obj
 0004:00000028       _checkptp                  1001c028     Nalserv95.obj
 0004:0000002c       _UseMSTP                   1001c02c     Nalserv95.obj
 0004:00000030       _mstpinitialized           1001c030     Nalserv95.obj
 0004:00000034       _PrefsDirty                1001c034     Nalserv95.obj
 0004:00000038       _receivefilter             1001c038     Nalserv95.obj
 0004:0000003c       _MadeNLComplaint           1001c03c     Nalserv95.obj
 0004:00000040       _MadeALComplaint           1001c040     Nalserv95.obj
 0004:00000044       _TxCounter                 1001c044     Nalserv95.obj
 0004:00000048       _RxCounter                 1001c048     Nalserv95.obj
 0004:0000004c       _RxTO                      1001c04c     Nalserv95.obj
 0004:00000050       _RxError                   1001c050     Nalserv95.obj
 0004:00000054       _RxToss                    1001c054     Nalserv95.obj
 0004:00000058       _RxNoMAs                   1001c058     Nalserv95.obj
 0004:0000005c       _hListener                 1001c05c     Nalserv95.obj
 0004:00000060       _RXEvents                  1001c060     Nalserv95.obj
 0004:000000e0       _oktolisten                1001c0e0     Nalserv95.obj
 0004:000000e4       _usedma                    1001c0e4     Nalserv95.obj
 0004:000000e8       _maused                    1001c0e8     Nalserv95.obj
 0004:000000ea       _maxmaused                 1001c0ea     Nalserv95.obj
 0004:00000108       _DLLusers                  1001c108     Nalserv95.obj
 0004:0000010c       _IAmCounter                1001c10c     Nalserv95.obj
 0004:00000110       _SynchCounter              1001c110     Nalserv95.obj
 0004:00000114       _WhoIsCounter              1001c114     Nalserv95.obj
 0004:00000118       _ourstats                  1001c118     Nalserv95.obj
 0004:00000120       _NLserver                  1001c120     Nalserv95.obj
 0004:00000124       _ALserver                  1001c124     Nalserv95.obj
 0004:00000128       _HelpFile                  1001c128     Nalserv95.obj
 0004:000001a8       _nalsdir                   1001c1a8     Nalserv95.obj
 0004:00000228       _ULtxrx                    1001c228     Nalserv95.obj
 0004:00000230       _mainmap                   1001c230     Nalserv95.obj
 0004:00000830       _ALQfront                  1001c830     Nalserv95.obj
 0004:00000834       _ALQrear                   1001c834     Nalserv95.obj
 0004:00000838       _showstats                 1001c838     Nalserv95.obj
 0004:0000083c       _nextInvokeID              1001c83c     Nalserv95.obj
 0004:00000840       _cid                       1001c840     Nalserv95.obj
 0004:00003740       _sid                       1001f740     Nalserv95.obj
 0004:00003d60       _peerlist                  1001fd60     Nalserv95.obj
 0004:00004120       _boundadapters             10020120     Nalserv95.obj
 0004:00004124       _NEXTREAD                  10020124     Nalserv95.obj
 0004:00004128       _lpAdapter                 10020128     Nalserv95.obj
 0004:00004130       _MacDriverName             10020130     Nalserv95.obj
 0004:000041b0       _cidcount                  100201b0     Nalserv95.obj
 0004:000041b2       _sidcount                  100201b2     Nalserv95.obj
 0004:000041b8       _us                        100201b8     Nalserv95.obj
 0004:000043c0       _eupdomain                 100203c0     Nalserv95.obj
 0004:000043e4       _MinimizeStatus            100203e4     Nalserv95.obj
 0004:000043e8       _WhoIsIAmInterval          100203e8     Nalserv95.obj
 0004:000043ec       _TimeSynchInterval         100203ec     Nalserv95.obj
 0004:000043f0       _Tseg                      100203f0     Nalserv95.obj
 0004:000043f2       _Tout                      100203f2     Nalserv95.obj
 0004:000043f4       _Nretry                    100203f4     Nalserv95.obj
 0004:000043f6       _MaxSizeALapdu             100203f6     Nalserv95.obj
 0004:000043f8       _OurInstance               100203f8     Nalserv95.obj
 0004:000043fa       _OurVendorID               100203fa     Nalserv95.obj
 0004:000043fc       _OurVendorName             100203fc     Nalserv95.obj
 0004:0000443e       _MaxTXapduLen              1002043e     Nalserv95.obj
 0004:00004440       _MaxRXapduLen              10020440     Nalserv95.obj
 0004:00004442       _WindowSize                10020442     Nalserv95.obj
 0004:00004444       _SegmentedRX               10020444     Nalserv95.obj
 0004:00004448       _SegmentedTX               10020448     Nalserv95.obj
 0004:0000444c       _passive                   1002044c     Nalserv95.obj
 0004:00004450       _ispromiscuous             10020450     Nalserv95.obj
 0004:00004454       _PTPsnet                   10020454     Nalserv95.obj
 0004:00004456       _PTPslen                   10020456     Nalserv95.obj
 0004:00004458       _PTPsadr                   10020458     Nalserv95.obj
 0004:00004460       _szWindowTitle             10020460     packet32:Packet32.obj
 0004:00004470       _lpTheAdapter              10020470     packet32:Packet32.obj
 0004:00004478       _ulInstanceCount           10020478     packet32:Packet32.obj
 0004:00004480       _TheAdapter                10020480     packet32:Packet32.obj

 entry point at        0001:00008010

 Static symbols

 0001:0000faf0       _xtoa                      10010af0 f   libcmt:xtoa.obj
 0001:0000f810       _findenv                   10010810 f   libcmt:setenv.obj
 0001:0000f890       _copy_environ              10010890 f   libcmt:setenv.obj
 0001:0000df30       _strncnt                   1000ef30 f   libcmt:aw_map.obj
 0001:0000ed30       __get_lc_lconv             1000fd30 f   libcmt:initmon.obj
 0001:0000ee80       _fix_grouping              1000fe80 f   libcmt:initmon.obj
 0001:0000eec0       __free_lc_lconv            1000fec0 f   libcmt:initmon.obj
 0001:0000ee80       _fix_grouping              1000fe80 f   libcmt:initmon.obj
 0001:0000e380       __get_lc_time              1000f380 f   libcmt:inittime.obj
 0001:0000e700       __free_lc_time             1000f700 f   libcmt:inittime.obj
 0001:0000e940       _storeTimeFmt              1000f940 f   libcmt:inittime.obj
 0001:0000df30       _strncnt                   1000ef30 f   libcmt:aw_map.obj
 0001:0000dc30       _wcsncnt                   1000ec30 f   libcmt:wcstombs.obj
 0001:0000b610       _getSystemCP               1000c610 f   libcmt:mbctype.obj
 0001:0000b660       _CPtoLCID                  1000c660 f   libcmt:mbctype.obj
 0001:0000b6c0       _setSBCS                   1000c6c0 f   libcmt:mbctype.obj
 0001:0000b700       _setSBUpLow                1000c700 f   libcmt:mbctype.obj
 0001:0000b1d0       _parse_cmdline             1000c1d0 f   libcmt:stdargv.obj
 0001:0000ac20       __unwind_handler           1000bc20 f   libcmt:exsup.obj
 0001:0000abc0       _xcptlookup                1000bbc0 f   libcmt:winxfltr.obj
 0001:0000a8b0       _doexit                    1000b8b0 f   libcmt:crt0dat.obj
 0001:0000a990       __initterm                 1000b990 f   libcmt:crt0dat.obj
 0001:00009f10       __tzset_lk                 1000af10 f   libcmt:tzset.obj
 0001:0000a220       __isindst_lk               1000b220 f   libcmt:tzset.obj
 0001:0000a490       _cvtdate                   1000b490 f   libcmt:tzset.obj
 0001:000093b0       _flsall                    1000a3b0 f   libcmt:fflush.obj
 0001:00008de0       _store_dt                  10009de0 f   libcmt:asctime.obj
 0001:00008bc0       _write_char                10009bc0 f   libcmt:output.obj
 0001:00008c10       _write_multi_char          10009c10 f   libcmt:output.obj
 0001:00008c50       _write_string              10009c50 f   libcmt:output.obj
 0001:00008c90       _get_int_arg               10009c90 f   libcmt:output.obj
 0001:00008cb0       _get_int64_arg             10009cb0 f   libcmt:output.obj
 0001:00008cd0       _get_short_arg             10009cd0 f   libcmt:output.obj
 0001:00007dc0       __threadstart@4            10008dc0 f   libcmt:thread.obj

 64 bytes saved through ICF

